
There are no discarded input sections

Memory Configuration

Name             Origin             Length             Attributes
FLASH            0x08000000         0x00020000         xr
RAM              0x20000000         0x00009000         xrw
*default*        0x00000000         0xffffffff

Linker script and memory map

LOAD /tmp/ccSkOd7p.o

.text           0x08000000        0xc
 *(.isr_vector)
 *(.text)
 .text          0x08000000        0xa /tmp/ccSkOd7p.o
                0x08000000                My_Main
 *(.rodata)
                0x0800000c                        . = ALIGN (0x4)
 *fill*         0x0800000a        0x2 
                0x0800000c                        _etext = .

.glue_7         0x0800000c        0x0
 .glue_7        0x0800000c        0x0 linker stubs

.glue_7t        0x0800000c        0x0
 .glue_7t       0x0800000c        0x0 linker stubs

.vfp11_veneer   0x0800000c        0x0
 .vfp11_veneer  0x0800000c        0x0 linker stubs

.v4_bx          0x0800000c        0x0
 .v4_bx         0x0800000c        0x0 linker stubs

.data           0x20000000        0x0 load address 0x0800000c
                0x20000000                        _sdata = .
 *(.data)
 .data          0x20000000        0x0 /tmp/ccSkOd7p.o
                0x20000000                        . = ALIGN (0x4)
                0x20000000                        _edata = .

.bss            0x20000000        0x0 load address 0x0800000c
                0x20000000                        _sbss = .
 *(.bss)
 .bss           0x20000000        0x0 /tmp/ccSkOd7p.o
 *(COMMON)
                0x20000000                        . = ALIGN (0x4)
                0x20000000                        _ebss = .
OUTPUT(a.out elf32-littlearm)
LOAD linker stubs

.ARM.attributes
                0x00000000       0x21
 .ARM.attributes
                0x00000000       0x21 /tmp/ccSkOd7p.o

.debug_line     0x00000000       0x47
 .debug_line    0x00000000       0x47 /tmp/ccSkOd7p.o

.debug_line_str
                0x00000000       0x59
 .debug_line_str
                0x00000000       0x59 /tmp/ccSkOd7p.o

.debug_info     0x00000000       0x24
 .debug_info    0x00000000       0x24 /tmp/ccSkOd7p.o

.debug_abbrev   0x00000000       0x14
 .debug_abbrev  0x00000000       0x14 /tmp/ccSkOd7p.o

.debug_aranges  0x00000000       0x20
 .debug_aranges
                0x00000000       0x20 /tmp/ccSkOd7p.o

.debug_str      0x00000000       0x67
 .debug_str     0x00000000       0x67 /tmp/ccSkOd7p.o
