Archive member included to satisfy reference by file (symbol)

/home/Raven/SoftWare/arm-gnu-toolchain-13.3.rel1-x86_64-arm-none-eabi/bin/../lib/gcc/arm-none-eabi/13.3.1/thumb/v7e-m/nofp/libgcc.a(_aeabi_uldivmod.o)
                              ./src/target/ST/STM32G431RBT6/STM32G4xx_HAL_Driver/Src/stm32g4xx_hal_uart.o (__aeabi_uldivmod)
/home/Raven/SoftWare/arm-gnu-toolchain-13.3.rel1-x86_64-arm-none-eabi/bin/../lib/gcc/arm-none-eabi/13.3.1/thumb/v7e-m/nofp/libgcc.a(_udivmoddi4.o)
                              /home/Raven/SoftWare/arm-gnu-toolchain-13.3.rel1-x86_64-arm-none-eabi/bin/../lib/gcc/arm-none-eabi/13.3.1/thumb/v7e-m/nofp/libgcc.a(_aeabi_uldivmod.o) (__udivmoddi4)
/home/Raven/SoftWare/arm-gnu-toolchain-13.3.rel1-x86_64-arm-none-eabi/bin/../lib/gcc/arm-none-eabi/13.3.1/thumb/v7e-m/nofp/libgcc.a(_dvmd_tls.o)
                              /home/Raven/SoftWare/arm-gnu-toolchain-13.3.rel1-x86_64-arm-none-eabi/bin/../lib/gcc/arm-none-eabi/13.3.1/thumb/v7e-m/nofp/libgcc.a(_aeabi_uldivmod.o) (__aeabi_ldiv0)
/home/Raven/SoftWare/arm-gnu-toolchain-13.3.rel1-x86_64-arm-none-eabi/bin/../lib/gcc/arm-none-eabi/13.3.1/../../../../arm-none-eabi/lib/thumb/v7e-m/nofp/libg.a(libc_a-exit.o)
                              /home/Raven/SoftWare/arm-gnu-toolchain-13.3.rel1-x86_64-arm-none-eabi/bin/../lib/gcc/arm-none-eabi/13.3.1/../../../../arm-none-eabi/lib/thumb/v7e-m/nofp/rdimon-crt0.o (exit)
/home/Raven/SoftWare/arm-gnu-toolchain-13.3.rel1-x86_64-arm-none-eabi/bin/../lib/gcc/arm-none-eabi/13.3.1/../../../../arm-none-eabi/lib/thumb/v7e-m/nofp/libg.a(libc_a-findfp.o)
                              /home/Raven/SoftWare/arm-gnu-toolchain-13.3.rel1-x86_64-arm-none-eabi/bin/../lib/gcc/arm-none-eabi/13.3.1/../../../../arm-none-eabi/lib/thumb/v7e-m/nofp/libg.a(libc_a-exit.o) (__stdio_exit_handler)
/home/Raven/SoftWare/arm-gnu-toolchain-13.3.rel1-x86_64-arm-none-eabi/bin/../lib/gcc/arm-none-eabi/13.3.1/../../../../arm-none-eabi/lib/thumb/v7e-m/nofp/libg.a(libc_a-stdio.o)
                              /home/Raven/SoftWare/arm-gnu-toolchain-13.3.rel1-x86_64-arm-none-eabi/bin/../lib/gcc/arm-none-eabi/13.3.1/../../../../arm-none-eabi/lib/thumb/v7e-m/nofp/libg.a(libc_a-findfp.o) (__sread)
/home/Raven/SoftWare/arm-gnu-toolchain-13.3.rel1-x86_64-arm-none-eabi/bin/../lib/gcc/arm-none-eabi/13.3.1/../../../../arm-none-eabi/lib/thumb/v7e-m/nofp/libg.a(libc_a-mallocr.o)
                              /home/Raven/SoftWare/arm-gnu-toolchain-13.3.rel1-x86_64-arm-none-eabi/bin/../lib/gcc/arm-none-eabi/13.3.1/../../../../arm-none-eabi/lib/thumb/v7e-m/nofp/libg.a(libc_a-findfp.o) (_malloc_r)
/home/Raven/SoftWare/arm-gnu-toolchain-13.3.rel1-x86_64-arm-none-eabi/bin/../lib/gcc/arm-none-eabi/13.3.1/../../../../arm-none-eabi/lib/thumb/v7e-m/nofp/libg.a(libc_a-__call_atexit.o)
                              /home/Raven/SoftWare/arm-gnu-toolchain-13.3.rel1-x86_64-arm-none-eabi/bin/../lib/gcc/arm-none-eabi/13.3.1/../../../../arm-none-eabi/lib/thumb/v7e-m/nofp/libg.a(libc_a-exit.o) (__call_exitprocs)
/home/Raven/SoftWare/arm-gnu-toolchain-13.3.rel1-x86_64-arm-none-eabi/bin/../lib/gcc/arm-none-eabi/13.3.1/../../../../arm-none-eabi/lib/thumb/v7e-m/nofp/libg.a(libc_a-sbrkr.o)
                              /home/Raven/SoftWare/arm-gnu-toolchain-13.3.rel1-x86_64-arm-none-eabi/bin/../lib/gcc/arm-none-eabi/13.3.1/../../../../arm-none-eabi/lib/thumb/v7e-m/nofp/libg.a(libc_a-mallocr.o) (_sbrk_r)
/home/Raven/SoftWare/arm-gnu-toolchain-13.3.rel1-x86_64-arm-none-eabi/bin/../lib/gcc/arm-none-eabi/13.3.1/../../../../arm-none-eabi/lib/thumb/v7e-m/nofp/libg.a(libc_a-writer.o)
                              /home/Raven/SoftWare/arm-gnu-toolchain-13.3.rel1-x86_64-arm-none-eabi/bin/../lib/gcc/arm-none-eabi/13.3.1/../../../../arm-none-eabi/lib/thumb/v7e-m/nofp/libg.a(libc_a-stdio.o) (_write_r)
/home/Raven/SoftWare/arm-gnu-toolchain-13.3.rel1-x86_64-arm-none-eabi/bin/../lib/gcc/arm-none-eabi/13.3.1/../../../../arm-none-eabi/lib/thumb/v7e-m/nofp/libg.a(libc_a-fwalk.o)
                              /home/Raven/SoftWare/arm-gnu-toolchain-13.3.rel1-x86_64-arm-none-eabi/bin/../lib/gcc/arm-none-eabi/13.3.1/../../../../arm-none-eabi/lib/thumb/v7e-m/nofp/libg.a(libc_a-findfp.o) (_fwalk_sglue)
/home/Raven/SoftWare/arm-gnu-toolchain-13.3.rel1-x86_64-arm-none-eabi/bin/../lib/gcc/arm-none-eabi/13.3.1/../../../../arm-none-eabi/lib/thumb/v7e-m/nofp/libg.a(libc_a-mlock.o)
                              /home/Raven/SoftWare/arm-gnu-toolchain-13.3.rel1-x86_64-arm-none-eabi/bin/../lib/gcc/arm-none-eabi/13.3.1/../../../../arm-none-eabi/lib/thumb/v7e-m/nofp/libg.a(libc_a-mallocr.o) (__malloc_lock)
/home/Raven/SoftWare/arm-gnu-toolchain-13.3.rel1-x86_64-arm-none-eabi/bin/../lib/gcc/arm-none-eabi/13.3.1/../../../../arm-none-eabi/lib/thumb/v7e-m/nofp/libg.a(libc_a-atexit.o)
                              /home/Raven/SoftWare/arm-gnu-toolchain-13.3.rel1-x86_64-arm-none-eabi/bin/../lib/gcc/arm-none-eabi/13.3.1/../../../../arm-none-eabi/lib/thumb/v7e-m/nofp/libg.a(libc_a-__call_atexit.o) (atexit)
[...]
Memory Configuration

Name             Origin             Length             Attributes
RAM              0x20000000         0x00008000         xrw
FLASH            0x08000000         0x00020000         xr
*default*        0x00000000         0xffffffff

Linker script and memory map

LOAD /home/Raven/SoftWare/arm-gnu-toolchain-13.3.rel1-x86_64-arm-none-eabi/bin/../lib/gcc/arm-none-eabi/13.3.1/thumb/v7e-m/nofp/crti.o
LOAD /home/Raven/SoftWare/arm-gnu-toolchain-13.3.rel1-x86_64-arm-none-eabi/bin/../lib/gcc/arm-none-eabi/13.3.1/thumb/v7e-m/nofp/crtbegin.o
LOAD /home/Raven/SoftWare/arm-gnu-toolchain-13.3.rel1-x86_64-arm-none-eabi/bin/../lib/gcc/arm-none-eabi/13.3.1/../../../../arm-none-eabi/lib/thumb/v7e-m/nofp/rdimon-crt0.o
LOAD ./src/init/main.o
LOAD ./src/target/ST/hal/src/bsp.o
LOAD ./src/target/ST/STM32G431RBT6/Device/ST/STM32G4xx/Source/Templates/system_stm32g4xx.o
LOAD ./src/target/ST/STM32G431RBT6/STM32G4xx_HAL_Driver/Src/stm32g4xx_hal_sai.o
LOAD ./src/target/ST/STM32G431RBT6/STM32G4xx_HAL_Driver/Src/stm32g4xx_hal_lptim.o
LOAD ./src/target/ST/STM32G431RBT6/STM32G4xx_HAL_Driver/Src/stm32g4xx_ll_lpuart.o
LOAD ./src/target/ST/STM32G431RBT6/STM32G4xx_HAL_Driver/Src/stm32g4xx_ll_rcc.o
LOAD ./src/target/ST/STM32G431RBT6/STM32G4xx_HAL_Driver/Src/stm32g4xx_hal_tim_ex.o
LOAD ./src/target/ST/STM32G431RBT6/STM32G4xx_HAL_Driver/Src/stm32g4xx_hal_gpio.o
LOAD ./src/target/ST/STM32G431RBT6/STM32G4xx_HAL_Driver/Src/stm32g4xx_ll_pwr.o
LOAD ./src/target/ST/STM32G431RBT6/STM32G4xx_HAL_Driver/Src/stm32g4xx_hal_smbus_ex.o
LOAD ./src/target/ST/STM32G431RBT6/STM32G4xx_HAL_Driver/Src/stm32g4xx_hal_smbus.o
LOAD ./src/target/ST/STM32G431RBT6/STM32G4xx_HAL_Driver/Src/stm32g4xx_hal_fmac.o
LOAD ./src/target/ST/STM32G431RBT6/STM32G4xx_HAL_Driver/Src/stm32g4xx_ll_fmc.o
LOAD ./src/target/ST/STM32G431RBT6/STM32G4xx_HAL_Driver/Src/stm32g4xx_hal_adc_ex.o
LOAD ./src/target/ST/STM32G431RBT6/STM32G4xx_HAL_Driver/Src/stm32g4xx_hal_flash_ramfunc.o
LOAD ./src/target/ST/STM32G431RBT6/STM32G4xx_HAL_Driver/Src/stm32g4xx_hal_i2c.o
LOAD ./src/target/ST/STM32G431RBT6/STM32G4xx_HAL_Driver/Src/stm32g4xx_hal_iwdg.o
LOAD ./src/target/ST/STM32G431RBT6/STM32G4xx_HAL_Driver/Src/stm32g4xx_hal_rcc_ex.o
LOAD ./src/target/ST/STM32G431RBT6/STM32G4xx_HAL_Driver/Src/stm32g4xx_hal_dma_ex.o
LOAD ./src/target/ST/STM32G431RBT6/STM32G4xx_HAL_Driver/Src/stm32g4xx_hal_adc.o
LOAD ./src/target/ST/STM32G431RBT6/STM32G4xx_HAL_Driver/Src/stm32g4xx_hal_comp.o
LOAD ./src/target/ST/STM32G431RBT6/STM32G4xx_HAL_Driver/Src/stm32g4xx_ll_crc.o
LOAD ./src/target/ST/STM32G431RBT6/STM32G4xx_HAL_Driver/Src/stm32g4xx_ll_dac.o
LOAD ./src/target/ST/STM32G431RBT6/STM32G4xx_HAL_Driver/Src/stm32g4xx_hal_dac_ex.o
LOAD ./src/target/ST/STM32G431RBT6/STM32G4xx_HAL_Driver/Src/stm32g4xx_hal_pwr.o
LOAD ./src/target/ST/STM32G431RBT6/STM32G4xx_HAL_Driver/Src/stm32g4xx_hal_rtc_ex.o
LOAD ./src/target/ST/STM32G431RBT6/STM32G4xx_HAL_Driver/Src/stm32g4xx_hal_spi_ex.o
LOAD ./src/target/ST/STM32G431RBT6/STM32G4xx_HAL_Driver/Src/stm32g4xx_ll_hrtim.o
LOAD ./src/target/ST/STM32G431RBT6/STM32G4xx_HAL_Driver/Src/stm32g4xx_hal_i2s.o
LOAD ./src/target/ST/STM32G431RBT6/STM32G4xx_HAL_Driver/Src/stm32g4xx_ll_i2c.o
LOAD ./src/target/ST/STM32G431RBT6/STM32G4xx_HAL_Driver/Src/stm32g4xx_ll_cordic.o
LOAD ./src/target/ST/STM32G431RBT6/STM32G4xx_HAL_Driver/Src/stm32g4xx_hal_sai_ex.o
LOAD ./src/target/ST/STM32G431RBT6/STM32G4xx_HAL_Driver/Src/stm32g4xx_hal_crc.o
LOAD ./src/target/ST/STM32G431RBT6/STM32G4xx_HAL_Driver/Src/stm32g4xx_hal_opamp.o
LOAD ./src/target/ST/STM32G431RBT6/STM32G4xx_HAL_Driver/Src/stm32g4xx_hal_cordic.o
LOAD ./src/target/ST/STM32G431RBT6/STM32G4xx_HAL_Driver/Src/stm32g4xx_ll_comp.o
LOAD ./src/target/ST/STM32G431RBT6/STM32G4xx_HAL_Driver/Src/stm32g4xx_ll_opamp.o
LOAD ./src/target/ST/STM32G431RBT6/STM32G4xx_HAL_Driver/Src/stm32g4xx_hal_smartcard_ex.o
LOAD ./src/target/ST/STM32G431RBT6/STM32G4xx_HAL_Driver/Src/stm32g4xx_hal_pcd.o
LOAD ./src/target/ST/STM32G431RBT6/STM32G4xx_HAL_Driver/Src/stm32g4xx_ll_spi.o
LOAD ./src/target/ST/STM32G431RBT6/STM32G4xx_HAL_Driver/Src/stm32g4xx_ll_usb.o
LOAD ./src/target/ST/STM32G431RBT6/STM32G4xx_HAL_Driver/Src/stm32g4xx_hal_smartcard.o
LOAD ./src/target/ST/STM32G431RBT6/STM32G4xx_HAL_Driver/Src/stm32g4xx_hal_dma.o
LOAD ./src/target/ST/STM32G431RBT6/STM32G4xx_HAL_Driver/Src/stm32g4xx_ll_fmac.o
LOAD ./src/target/ST/STM32G431RBT6/STM32G4xx_HAL_Driver/Src/stm32g4xx_hal_sram.o
LOAD ./src/target/ST/STM32G431RBT6/STM32G4xx_HAL_Driver/Src/stm32g4xx_hal_nand.o
LOAD ./src/target/ST/STM32G431RBT6/STM32G4xx_HAL_Driver/Src/stm32g4xx_hal_cryp.o
LOAD ./src/target/ST/STM32G431RBT6/STM32G4xx_HAL_Driver/Src/stm32g4xx_hal_rtc.o
LOAD ./src/target/ST/STM32G431RBT6/STM32G4xx_HAL_Driver/Src/stm32g4xx_hal_qspi.o
LOAD ./src/target/ST/STM32G431RBT6/STM32G4xx_HAL_Driver/Src/stm32g4xx_hal_i2c_ex.o
LOAD ./src/target/ST/STM32G431RBT6/STM32G4xx_HAL_Driver/Src/stm32g4xx_hal_opamp_ex.o
LOAD ./src/target/ST/STM32G431RBT6/STM32G4xx_HAL_Driver/Src/stm32g4xx_ll_usart.o
LOAD ./src/target/ST/STM32G431RBT6/STM32G4xx_HAL_Driver/Src/stm32g4xx_hal_tim.o
LOAD ./src/target/ST/STM32G431RBT6/STM32G4xx_HAL_Driver/Src/stm32g4xx_hal_rcc.o
LOAD ./src/target/ST/STM32G431RBT6/STM32G4xx_HAL_Driver/Src/stm32g4xx_hal_rng.o
LOAD ./src/target/ST/STM32G431RBT6/STM32G4xx_HAL_Driver/Src/stm32g4xx_ll_ucpd.o
LOAD ./src/target/ST/STM32G431RBT6/STM32G4xx_HAL_Driver/Src/stm32g4xx_hal_irda.o
LOAD ./src/target/ST/STM32G431RBT6/STM32G4xx_HAL_Driver/Src/stm32g4xx_hal_flash.o
LOAD ./src/target/ST/STM32G431RBT6/STM32G4xx_HAL_Driver/Src/stm32g4xx_ll_gpio.o
LOAD ./src/target/ST/STM32G431RBT6/STM32G4xx_HAL_Driver/Src/stm32g4xx_hal_wwdg.o
LOAD ./src/target/ST/STM32G431RBT6/STM32G4xx_HAL_Driver/Src/stm32g4xx_ll_crs.o
LOAD ./src/target/ST/STM32G431RBT6/STM32G4xx_HAL_Driver/Src/stm32g4xx_hal_crc_ex.o
LOAD ./src/target/ST/STM32G431RBT6/STM32G4xx_HAL_Driver/Src/stm32g4xx_hal_flash_ex.o
LOAD ./src/target/ST/STM32G431RBT6/STM32G4xx_HAL_Driver/Src/stm32g4xx_hal_exti.o
LOAD ./src/target/ST/STM32G431RBT6/STM32G4xx_HAL_Driver/Src/stm32g4xx_hal_hrtim.o
LOAD ./src/target/ST/STM32G431RBT6/STM32G4xx_HAL_Driver/Src/stm32g4xx_hal_pcd_ex.o
LOAD ./src/target/ST/STM32G431RBT6/STM32G4xx_HAL_Driver/Src/stm32g4xx_hal_cryp_ex.o
LOAD ./src/target/ST/STM32G431RBT6/STM32G4xx_HAL_Driver/Src/stm32g4xx_ll_exti.o
LOAD ./src/target/ST/STM32G431RBT6/STM32G4xx_HAL_Driver/Src/stm32g4xx_hal_nor.o
LOAD ./src/target/ST/STM32G431RBT6/STM32G4xx_HAL_Driver/Src/stm32g4xx_ll_tim.o
LOAD ./src/target/ST/STM32G431RBT6/STM32G4xx_HAL_Driver/Src/stm32g4xx_hal.o
LOAD ./src/target/ST/STM32G431RBT6/STM32G4xx_HAL_Driver/Src/stm32g4xx_ll_lptim.o
LOAD ./src/target/ST/STM32G431RBT6/STM32G4xx_HAL_Driver/Src/stm32g4xx_ll_rtc.o
LOAD ./src/target/ST/STM32G431RBT6/STM32G4xx_HAL_Driver/Src/stm32g4xx_ll_rng.o
LOAD ./src/target/ST/STM32G431RBT6/STM32G4xx_HAL_Driver/Src/stm32g4xx_ll_dma.o
LOAD ./src/target/ST/STM32G431RBT6/STM32G4xx_HAL_Driver/Src/stm32g4xx_hal_dac.o
LOAD ./src/target/ST/STM32G431RBT6/STM32G4xx_HAL_Driver/Src/stm32g4xx_ll_utils.o
LOAD ./src/target/ST/STM32G431RBT6/STM32G4xx_HAL_Driver/Src/stm32g4xx_hal_usart_ex.o
LOAD ./src/target/ST/STM32G431RBT6/STM32G4xx_HAL_Driver/Src/stm32g4xx_hal_spi.o
LOAD ./src/target/ST/STM32G431RBT6/STM32G4xx_HAL_Driver/Src/stm32g4xx_hal_msp_template.o
LOAD ./src/target/ST/STM32G431RBT6/STM32G4xx_HAL_Driver/Src/stm32g4xx_hal_cortex.o
LOAD ./src/target/ST/STM32G431RBT6/STM32G4xx_HAL_Driver/Src/stm32g4xx_hal_uart.o
LOAD ./src/target/ST/STM32G431RBT6/STM32G4xx_HAL_Driver/Src/stm32g4xx_ll_adc.o
LOAD ./src/target/ST/STM32G431RBT6/STM32G4xx_HAL_Driver/Src/stm32g4xx_hal_fdcan.o
LOAD ./src/target/ST/STM32G431RBT6/STM32G4xx_HAL_Driver/Src/stm32g4xx_hal_usart.o
LOAD ./src/target/ST/STM32G431RBT6/STM32G4xx_HAL_Driver/Src/stm32g4xx_hal_uart_ex.o
LOAD ./src/target/ST/STM32G431RBT6/STM32G4xx_HAL_Driver/Src/stm32g4xx_hal_pwr_ex.o
LOAD ./src/target/ST/STM32G431RBT6/STM32G4xx_HAL_Driver/Src/stm32g4xx_hal_timebase_tim_template.o
LOAD ./src/target/ST/STM32G431RBT6/Device/ST/STM32G4xx/Source/Templates/gcc/startup_stm32g431xx.o
LOAD /home/Raven/SoftWare/arm-gnu-toolchain-13.3.rel1-x86_64-arm-none-eabi/bin/../lib/gcc/arm-none-eabi/13.3.1/../../../../arm-none-eabi/lib/thumb/v7e-m/nofp/libm.a
START GROUP
LOAD /home/Raven/SoftWare/arm-gnu-toolchain-13.3.rel1-x86_64-arm-none-eabi/bin/../lib/gcc/arm-none-eabi/13.3.1/thumb/v7e-m/nofp/libgcc.a
LOAD /home/Raven/SoftWare/arm-gnu-toolchain-13.3.rel1-x86_64-arm-none-eabi/bin/../lib/gcc/arm-none-eabi/13.3.1/../../../../arm-none-eabi/lib/thumb/v7e-m/nofp/libg.a
LOAD /home/Raven/SoftWare/arm-gnu-toolchain-13.3.rel1-x86_64-arm-none-eabi/bin/../lib/gcc/arm-none-eabi/13.3.1/../../../../arm-none-eabi/lib/thumb/v7e-m/nofp/libc.a
END GROUP
START GROUP
LOAD /home/Raven/SoftWare/arm-gnu-toolchain-13.3.rel1-x86_64-arm-none-eabi/bin/../lib/gcc/arm-none-eabi/13.3.1/thumb/v7e-m/nofp/libgcc.a
LOAD /home/Raven/SoftWare/arm-gnu-toolchain-13.3.rel1-x86_64-arm-none-eabi/bin/../lib/gcc/arm-none-eabi/13.3.1/../../../../arm-none-eabi/lib/thumb/v7e-m/nofp/libc.a
LOAD /home/Raven/SoftWare/arm-gnu-toolchain-13.3.rel1-x86_64-arm-none-eabi/bin/../lib/gcc/arm-none-eabi/13.3.1/../../../../arm-none-eabi/lib/thumb/v7e-m/nofp/librdimon.a
END GROUP
LOAD /home/Raven/SoftWare/arm-gnu-toolchain-13.3.rel1-x86_64-arm-none-eabi/bin/../lib/gcc/arm-none-eabi/13.3.1/thumb/v7e-m/nofp/crtend.o
LOAD /home/Raven/SoftWare/arm-gnu-toolchain-13.3.rel1-x86_64-arm-none-eabi/bin/../lib/gcc/arm-none-eabi/13.3.1/thumb/v7e-m/nofp/crtn.o
                0x20008000                        _estack = (ORIGIN (RAM) + LENGTH (RAM))
                0x00000200                        _Min_Heap_Size = 0x200
                0x00000400                        _Min_Stack_Size = 0x400

.isr_vector     0x08000000      0x1d8
                0x08000000                        . = ALIGN (0x4)
 *(.isr_vector)
 .isr_vector    0x08000000      0x1d8 ./src/target/ST/STM32G431RBT6/Device/ST/STM32G4xx/Source/Templates/gcc/startup_stm32g431xx.o
                0x08000000                g_pfnVectors
                0x080001d8                        . = ALIGN (0x4)

.text           0x080001d8      0x5fc
                0x080001d8                        . = ALIGN (0x4)
 *(.text)
 *(.text*)
 .text.deregister_tm_clones
                0x080001d8       0x1c /home/Raven/SoftWare/arm-gnu-toolchain-13.3.rel1-x86_64-arm-none-eabi/bin/../lib/gcc/arm-none-eabi/13.3.1/thumb/v7e-m/nofp/crtbegin.o
 .text.register_tm_clones
                0x080001f4       0x24 /home/Raven/SoftWare/arm-gnu-toolchain-13.3.rel1-x86_64-arm-none-eabi/bin/../lib/gcc/arm-none-eabi/13.3.1/thumb/v7e-m/nofp/crtbegin.o
 .text.__do_global_dtors_aux
                0x08000218       0x28 /home/Raven/SoftWare/arm-gnu-toolchain-13.3.rel1-x86_64-arm-none-eabi/bin/../lib/gcc/arm-none-eabi/13.3.1/thumb/v7e-m/nofp/crtbegin.o
 .text.frame_dummy
                0x08000240       0x24 /home/Raven/SoftWare/arm-gnu-toolchain-13.3.rel1-x86_64-arm-none-eabi/bin/../lib/gcc/arm-none-eabi/13.3.1/thumb/v7e-m/nofp/crtbegin.o
 .text.delay    0x08000264       0x24 ./src/init/main.o
                0x08000264                delay
 .text.main     0x08000288       0x5c ./src/init/main.o
                0x08000288                main
 .text.SysTick_Handler
                0x080002e4       0x14 ./src/target/ST/hal/src/bsp.o
                0x080002e4                SysTick_Handler
 .text.SystemInit
                0x080002f8        0x4 ./src/target/ST/STM32G431RBT6/Device/ST/STM32G4xx/Source/Templates/system_stm32g4xx.o
                0x080002f8                SystemInit
 .text.HAL_TIMEx_CommutCallback
                0x080002fc        0xa ./src/target/ST/STM32G431RBT6/STM32G4xx_HAL_Driver/Src/stm32g4xx_hal_tim_ex.o
                0x080002fc                HAL_TIMEx_CommutCallback
 .text.HAL_TIMEx_BreakCallback
                0x08000306        0xa ./src/target/ST/STM32G431RBT6/STM32G4xx_HAL_Driver/Src/stm32g4xx_hal_tim_ex.o
                0x08000306                HAL_TIMEx_BreakCallback
 .text.HAL_TIMEx_Break2Callback
                0x08000310        0xa ./src/target/ST/STM32G431RBT6/STM32G4xx_HAL_Driver/Src/stm32g4xx_hal_tim_ex.o
                0x08000310                HAL_TIMEx_Break2Callback
 .text.HAL_TIMEx_EncoderIndexCallback
                0x0800031a        0xa ./src/target/ST/STM32G431RBT6/STM32G4xx_HAL_Driver/Src/stm32g4xx_hal_tim_ex.o
                0x0800031a                HAL_TIMEx_EncoderIndexCallback
 .text.HAL_TIMEx_DirectionChangeCallback
                0x08000324        0xa ./src/target/ST/STM32G431RBT6/STM32G4xx_HAL_Driver/Src/stm32g4xx_hal_tim_ex.o
                0x08000324                HAL_TIMEx_DirectionChangeCallback
 .text.HAL_TIMEx_IndexErrorCallback
                0x0800032e        0xa ./src/target/ST/STM32G431RBT6/STM32G4xx_HAL_Driver/Src/stm32g4xx_hal_tim_ex.o
                0x0800032e                HAL_TIMEx_IndexErrorCallback
 .text.HAL_TIMEx_TransitionErrorCallback
                0x08000338        0xa ./src/target/ST/STM32G431RBT6/STM32G4xx_HAL_Driver/Src/stm32g4xx_hal_tim_ex.o
                0x08000338                HAL_TIMEx_TransitionErrorCallback
 .text.HAL_TIM_IRQHandler
                0x08000342      0x29c ./src/target/ST/STM32G431RBT6/STM32G4xx_HAL_Driver/Src/stm32g4xx_hal_tim.o
                0x08000342                HAL_TIM_IRQHandler
 .text.HAL_TIM_OC_DelayElapsedCallback
                0x080005de        0xa ./src/target/ST/STM32G431RBT6/STM32G4xx_HAL_Driver/Src/stm32g4xx_hal_tim.o
                0x080005de                HAL_TIM_OC_DelayElapsedCallback
 .text.HAL_TIM_IC_CaptureCallback
                0x080005e8        0xa ./src/target/ST/STM32G431RBT6/STM32G4xx_HAL_Driver/Src/stm32g4xx_hal_tim.o
                0x080005e8                HAL_TIM_IC_CaptureCallback
 .text.HAL_TIM_PWM_PulseFinishedCallback
                0x080005f2        0xa ./src/target/ST/STM32G431RBT6/STM32G4xx_HAL_Driver/Src/stm32g4xx_hal_tim.o
                0x080005f2                HAL_TIM_PWM_PulseFinishedCallback
 .text.HAL_TIM_TriggerCallback
                0x080005fc        0xa ./src/target/ST/STM32G431RBT6/STM32G4xx_HAL_Driver/Src/stm32g4xx_hal_tim.o
                0x080005fc                HAL_TIM_TriggerCallback
 *fill*         0x08000606        0x2 
 .text.HAL_IncTick
                0x08000608       0x1c ./src/target/ST/STM32G431RBT6/STM32G4xx_HAL_Driver/Src/stm32g4xx_hal.o
                0x08000608                HAL_IncTick
 .text.HAL_TIM_PeriodElapsedCallback
                0x08000624       0x12 ./src/target/ST/STM32G431RBT6/STM32G4xx_HAL_Driver/Src/stm32g4xx_hal_timebase_tim_template.o
                0x08000624                HAL_TIM_PeriodElapsedCallback
 *fill*         0x08000636        0x2 
 .text.TIM6_DAC_IRQHandler
                0x08000638       0x10 ./src/target/ST/STM32G431RBT6/STM32G4xx_HAL_Driver/Src/stm32g4xx_hal_timebase_tim_template.o
                0x08000638                TIM6_DAC_IRQHandler
 .text.Reset_Handler
                0x08000648       0x50 ./src/target/ST/STM32G431RBT6/Device/ST/STM32G4xx/Source/Templates/gcc/startup_stm32g431xx.o
                0x08000648                Reset_Handler
 .text.Default_Handler
                0x08000698        0x2 ./src/target/ST/STM32G431RBT6/Device/ST/STM32G4xx/Source/Templates/gcc/startup_stm32g431xx.o
                0x08000698                RTC_Alarm_IRQHandler
                0x08000698                EXTI2_IRQHandler
                0x08000698                TIM8_TRG_COM_IRQHandler
                0x08000698                TIM8_CC_IRQHandler
                0x08000698                DebugMon_Handler
                0x08000698                TIM1_CC_IRQHandler
                0x08000698                HardFault_Handler
                0x08000698                USB_HP_IRQHandler
                0x08000698                CORDIC_IRQHandler
                0x08000698                PendSV_Handler
                0x08000698                NMI_Handler
                0x08000698                EXTI3_IRQHandler
                0x08000698                I2C3_ER_IRQHandler
                0x08000698                EXTI0_IRQHandler
                0x08000698                I2C2_EV_IRQHandler
                0x08000698                FPU_IRQHandler
                0x08000698                FDCAN1_IT1_IRQHandler
                0x08000698                TIM1_UP_TIM16_IRQHandler
                0x08000698                UsageFault_Handler
                0x08000698                ADC1_2_IRQHandler
                0x08000698                SPI1_IRQHandler
                0x08000698                TIM8_UP_IRQHandler
                0x08000698                DMA2_Channel2_IRQHandler
                0x08000698                DMA1_Channel4_IRQHandler
                0x08000698                USART3_IRQHandler
                0x08000698                TIM4_IRQHandler
                0x08000698                DMA2_Channel1_IRQHandler
                0x08000698                I2C1_EV_IRQHandler
                0x08000698                DMA1_Channel6_IRQHandler
                0x08000698                UART4_IRQHandler
                0x08000698                DMA2_Channel4_IRQHandler
                0x08000698                TIM3_IRQHandler
                0x08000698                RCC_IRQHandler
                0x08000698                DMA1_Channel1_IRQHandler
                0x08000698                Default_Handler
                0x08000698                RTC_TAMP_LSECSS_IRQHandler
                0x08000698                FMAC_IRQHandler
                0x08000698                EXTI15_10_IRQHandler
                0x08000698                TIM7_IRQHandler
                0x08000698                UCPD1_IRQHandler
                0x08000698                I2C3_EV_IRQHandler
                0x08000698                EXTI9_5_IRQHandler
                0x08000698                RTC_WKUP_IRQHandler
                0x08000698                PVD_PVM_IRQHandler
                0x08000698                SPI2_IRQHandler
                0x08000698                MemManage_Handler
                0x08000698                SVC_Handler
                0x08000698                DMA2_Channel5_IRQHandler
                0x08000698                CRS_IRQHandler
                0x08000698                DMA1_Channel5_IRQHandler
                0x08000698                USB_LP_IRQHandler
                0x08000698                EXTI4_IRQHandler
                0x08000698                RNG_IRQHandler
                0x08000698                TIM1_TRG_COM_TIM17_IRQHandler
                0x08000698                DMA1_Channel3_IRQHandler
                0x08000698                WWDG_IRQHandler
                0x08000698                LPUART1_IRQHandler
                0x08000698                DMA2_Channel6_IRQHandler
                0x08000698                FDCAN1_IT0_IRQHandler
                0x08000698                TIM2_IRQHandler
                0x08000698                COMP1_2_3_IRQHandler
                0x08000698                EXTI1_IRQHandler
                0x08000698                USART2_IRQHandler
                0x08000698                I2C2_ER_IRQHandler
                0x08000698                DMA1_Channel2_IRQHandler
                0x08000698                TIM8_BRK_IRQHandler
                0x08000698                FLASH_IRQHandler
                0x08000698                BusFault_Handler
                0x08000698                USART1_IRQHandler
                0x08000698                SPI3_IRQHandler
                0x08000698                I2C1_ER_IRQHandler
                0x08000698                LPTIM1_IRQHandler
                0x08000698                DMAMUX_OVR_IRQHandler
                0x08000698                USBWakeUp_IRQHandler
                0x08000698                SAI1_IRQHandler
                0x08000698                DMA2_Channel3_IRQHandler
                0x08000698                COMP4_IRQHandler
                0x08000698                TIM1_BRK_TIM15_IRQHandler
 *fill*         0x0800069a        0x2 
 .text.startup.register_fini
                0x0800069c       0x14 /home/Raven/SoftWare/arm-gnu-toolchain-13.3.rel1-x86_64-arm-none-eabi/bin/../lib/gcc/arm-none-eabi/13.3.1/../../../../arm-none-eabi/lib/thumb/v7e-m/nofp/libg.a(libc_a-__call_atexit.o)
 .text.atexit   0x080006b0        0xc /home/Raven/SoftWare/arm-gnu-toolchain-13.3.rel1-x86_64-arm-none-eabi/bin/../lib/gcc/arm-none-eabi/13.3.1/../../../../arm-none-eabi/lib/thumb/v7e-m/nofp/libg.a(libc_a-atexit.o)
                0x080006b0                atexit
 .text.__libc_init_array
                0x080006bc       0x50 /home/Raven/SoftWare/arm-gnu-toolchain-13.3.rel1-x86_64-arm-none-eabi/bin/../lib/gcc/arm-none-eabi/13.3.1/../../../../arm-none-eabi/lib/thumb/v7e-m/nofp/libg.a(libc_a-init.o)
                0x080006bc                __libc_init_array
 .text.__libc_fini_array
                0x0800070c       0x28 /home/Raven/SoftWare/arm-gnu-toolchain-13.3.rel1-x86_64-arm-none-eabi/bin/../lib/gcc/arm-none-eabi/13.3.1/../../../../arm-none-eabi/lib/thumb/v7e-m/nofp/libg.a(libc_a-fini.o)
                0x0800070c                __libc_fini_array
 .text.__retarget_lock_acquire_recursive
                0x08000734        0x4 /home/Raven/SoftWare/arm-gnu-toolchain-13.3.rel1-x86_64-arm-none-eabi/bin/../lib/gcc/arm-none-eabi/13.3.1/../../../../arm-none-eabi/lib/thumb/v7e-m/nofp/libg.a(libc_a-lock.o)
                0x08000734                __retarget_lock_acquire_recursive
 .text.__retarget_lock_release_recursive
                0x08000738        0x4 /home/Raven/SoftWare/arm-gnu-toolchain-13.3.rel1-x86_64-arm-none-eabi/bin/../lib/gcc/arm-none-eabi/13.3.1/../../../../arm-none-eabi/lib/thumb/v7e-m/nofp/libg.a(libc_a-lock.o)
                0x08000738                __retarget_lock_release_recursive
 .text.__register_exitproc
                0x0800073c       0x80 /home/Raven/SoftWare/arm-gnu-toolchain-13.3.rel1-x86_64-arm-none-eabi/bin/../lib/gcc/arm-none-eabi/13.3.1/../../../../arm-none-eabi/lib/thumb/v7e-m/nofp/libg.a(libc_a-__atexit.o)
                0x0800073c                __register_exitproc
 *(.glue_7)
 .glue_7        0x080007bc        0x0 linker stubs
 *(.glue_7t)
 .glue_7t       0x080007bc        0x0 linker stubs
 *(.eh_frame)
 .eh_frame      0x080007bc        0x0 /home/Raven/SoftWare/arm-gnu-toolchain-13.3.rel1-x86_64-arm-none-eabi/bin/../lib/gcc/arm-none-eabi/13.3.1/thumb/v7e-m/nofp/crtbegin.o
 *(.init)
 .init          0x080007bc        0x4 /home/Raven/SoftWare/arm-gnu-toolchain-13.3.rel1-x86_64-arm-none-eabi/bin/../lib/gcc/arm-none-eabi/13.3.1/thumb/v7e-m/nofp/crti.o
                0x080007bc                _init
 .init          0x080007c0        0x8 /home/Raven/SoftWare/arm-gnu-toolchain-13.3.rel1-x86_64-arm-none-eabi/bin/../lib/gcc/arm-none-eabi/13.3.1/thumb/v7e-m/nofp/crtn.o
 *(.fini)
 .fini          0x080007c8        0x4 /home/Raven/SoftWare/arm-gnu-toolchain-13.3.rel1-x86_64-arm-none-eabi/bin/../lib/gcc/arm-none-eabi/13.3.1/thumb/v7e-m/nofp/crti.o
                0x080007c8                _fini
 .fini          0x080007cc        0x8 /home/Raven/SoftWare/arm-gnu-toolchain-13.3.rel1-x86_64-arm-none-eabi/bin/../lib/gcc/arm-none-eabi/13.3.1/thumb/v7e-m/nofp/crtn.o
                0x080007d4                        . = ALIGN (0x4)
                0x080007d4                        _etext = .

.vfp11_veneer   0x080007d4        0x0
 .vfp11_veneer  0x080007d4        0x0 linker stubs

.v4_bx          0x080007d4        0x0
 .v4_bx         0x080007d4        0x0 linker stubs

.iplt           0x080007d4        0x0
 .iplt          0x080007d4        0x0 /home/Raven/SoftWare/arm-gnu-toolchain-13.3.rel1-x86_64-arm-none-eabi/bin/../lib/gcc/arm-none-eabi/13.3.1/thumb/v7e-m/nofp/crtbegin.o

.rodata         0x080007d4        0x0
                0x080007d4                        . = ALIGN (0x4)
 *(.rodata)
 *(.rodata*)
                0x080007d4                        . = ALIGN (0x4)

.ARM.extab      0x080007d4        0x0
                0x080007d4                        . = ALIGN (0x4)
 *(.ARM.extab* .gnu.linkonce.armextab.*)
                0x080007d4                        . = ALIGN (0x4)

.ARM            0x080007d4        0x0
                0x080007d4                        . = ALIGN (0x4)
                0x080007d4                        __exidx_start = .
 *(.ARM.exidx*)
                0x080007d4                        __exidx_end = .
                0x080007d4                        . = ALIGN (0x4)

.preinit_array  0x080007d4        0x0
                0x080007d4                        . = ALIGN (0x4)
                0x080007d4                        PROVIDE (__preinit_array_start = .)
 *(.preinit_array*)
                0x080007d4                        PROVIDE (__preinit_array_end = .)
                0x080007d4                        . = ALIGN (0x4)

.init_array     0x080007d4        0x8
                0x080007d4                        . = ALIGN (0x4)
                0x080007d4                        PROVIDE (__init_array_start = .)
 *(SORT_BY_NAME(.init_array.*))
 .init_array.00000
                0x080007d4        0x4 /home/Raven/SoftWare/arm-gnu-toolchain-13.3.rel1-x86_64-arm-none-eabi/bin/../lib/gcc/arm-none-eabi/13.3.1/../../../../arm-none-eabi/lib/thumb/v7e-m/nofp/libg.a(libc_a-__call_atexit.o)
 *(.init_array*)
 .init_array    0x080007d8        0x4 /home/Raven/SoftWare/arm-gnu-toolchain-13.3.rel1-x86_64-arm-none-eabi/bin/../lib/gcc/arm-none-eabi/13.3.1/thumb/v7e-m/nofp/crtbegin.o
                0x080007dc                        PROVIDE (__init_array_end = .)
                0x080007dc                        . = ALIGN (0x4)

.fini_array     0x080007dc        0x4
                0x080007dc                        . = ALIGN (0x4)
                0x080007dc                        PROVIDE (__fini_array_start = .)
 *(SORT_BY_NAME(.fini_array.*))
 *(.fini_array*)
 .fini_array    0x080007dc        0x4 /home/Raven/SoftWare/arm-gnu-toolchain-13.3.rel1-x86_64-arm-none-eabi/bin/../lib/gcc/arm-none-eabi/13.3.1/thumb/v7e-m/nofp/crtbegin.o
                0x080007e0                        PROVIDE (__fini_array_end = .)
                0x080007e0                        . = ALIGN (0x4)
                0x080007e0                        _sidata = LOADADDR (.data)

.rel.dyn        0x080007e0        0x0
 .rel.iplt      0x080007e0        0x0 /home/Raven/SoftWare/arm-gnu-toolchain-13.3.rel1-x86_64-arm-none-eabi/bin/../lib/gcc/arm-none-eabi/13.3.1/thumb/v7e-m/nofp/crtbegin.o

.data           0x20000000        0x8 load address 0x080007e0
                0x20000000                        . = ALIGN (0x4)
                0x20000000                        _sdata = .
 *(.data)
 *(.data*)
 .data.uwTickFreq
                0x20000000        0x4 ./src/target/ST/STM32G431RBT6/STM32G4xx_HAL_Driver/Src/stm32g4xx_hal.o
                0x20000000                uwTickFreq
 .data.__atexit_recursive_mutex
                0x20000004        0x4 /home/Raven/SoftWare/arm-gnu-toolchain-13.3.rel1-x86_64-arm-none-eabi/bin/../lib/gcc/arm-none-eabi/13.3.1/../../../../arm-none-eabi/lib/thumb/v7e-m/nofp/libg.a(libc_a-__call_atexit.o)
                0x20000004                __atexit_recursive_mutex
                0x20000008                        . = ALIGN (0x4)
                0x20000008                        _edata = .

.tm_clone_table
                0x20000008        0x0 load address 0x080007e8
 .tm_clone_table
                0x20000008        0x0 /home/Raven/SoftWare/arm-gnu-toolchain-13.3.rel1-x86_64-arm-none-eabi/bin/../lib/gcc/arm-none-eabi/13.3.1/thumb/v7e-m/nofp/crtbegin.o
 .tm_clone_table
                0x20000008        0x0 /home/Raven/SoftWare/arm-gnu-toolchain-13.3.rel1-x86_64-arm-none-eabi/bin/../lib/gcc/arm-none-eabi/13.3.1/thumb/v7e-m/nofp/crtend.o

.igot.plt       0x20000008        0x0 load address 0x080007e8
 .igot.plt      0x20000008        0x0 /home/Raven/SoftWare/arm-gnu-toolchain-13.3.rel1-x86_64-arm-none-eabi/bin/../lib/gcc/arm-none-eabi/13.3.1/thumb/v7e-m/nofp/crtbegin.o
                0x20000008                        . = ALIGN (0x4)

.bss            0x20000008      0x208 load address 0x080007e8
                0x20000008                        _sbss = .
                0x20000008                        __bss_start__ = _sbss
 *(.bss)
 *(.bss*)
 .bss.completed.1
                0x20000008        0x1 /home/Raven/SoftWare/arm-gnu-toolchain-13.3.rel1-x86_64-arm-none-eabi/bin/../lib/gcc/arm-none-eabi/13.3.1/thumb/v7e-m/nofp/crtbegin.o
 *fill*         0x20000009        0x3 
 .bss.object.0  0x2000000c       0x18 /home/Raven/SoftWare/arm-gnu-toolchain-13.3.rel1-x86_64-arm-none-eabi/bin/../lib/gcc/arm-none-eabi/13.3.1/thumb/v7e-m/nofp/crtbegin.o
 .bss.l_tickCtr
                0x20000024        0x4 ./src/target/ST/hal/src/bsp.o
 .bss.uwTick    0x20000028        0x4 ./src/target/ST/STM32G431RBT6/STM32G4xx_HAL_Driver/Src/stm32g4xx_hal.o
                0x20000028                uwTick
 .bss.TimHandle
                0x2000002c       0x4c ./src/target/ST/STM32G431RBT6/STM32G4xx_HAL_Driver/Src/stm32g4xx_hal_timebase_tim_template.o
                0x2000002c                TimHandle
 .bss.__atexit  0x20000078        0x4 /home/Raven/SoftWare/arm-gnu-toolchain-13.3.rel1-x86_64-arm-none-eabi/bin/../lib/gcc/arm-none-eabi/13.3.1/../../../../arm-none-eabi/lib/thumb/v7e-m/nofp/libg.a(libc_a-__call_atexit.o)
                0x20000078                __atexit
 .bss.__lock___atexit_recursive_mutex
                0x2000007c        0x1 /home/Raven/SoftWare/arm-gnu-toolchain-13.3.rel1-x86_64-arm-none-eabi/bin/../lib/gcc/arm-none-eabi/13.3.1/../../../../arm-none-eabi/lib/thumb/v7e-m/nofp/libg.a(libc_a-lock.o)
                0x2000007c                __lock___atexit_recursive_mutex
 *fill*         0x2000007d        0x3 
 .bss.__atexit0
                0x20000080      0x190 /home/Raven/SoftWare/arm-gnu-toolchain-13.3.rel1-x86_64-arm-none-eabi/bin/../lib/gcc/arm-none-eabi/13.3.1/../../../../arm-none-eabi/lib/thumb/v7e-m/nofp/libg.a(libc_a-__atexit.o)
                0x20000080                __atexit0
 *(COMMON)
                0x20000210                        . = ALIGN (0x4)
                0x20000210                        _ebss = .
                0x20000210                        __bss_end__ = _ebss
                0x20000210                        . = ALIGN (0x4)
                0x20000210                        end = .
                0x20000210                        __end__ = .

._user_heap_stack
                0x20000210      0x600 load address 0x080007e8
                0x20000210                        . = ALIGN (0x8)
                [!provide]                        PROVIDE (end = .)
                [!provide]                        PROVIDE (_end = .)
                0x20000410                        . = (. + _Min_Heap_Size)
 *fill*         0x20000210      0x200 
                0x20000810                        . = (. + _Min_Stack_Size)
 *fill*         0x20000410      0x400 
                0x20000810                        . = ALIGN (0x8)

/DISCARD/
 libc.a(*)
 libm.a(*)
 libgcc.a(*)

.ARM.attributes
                0x00000000       0x2a
 *(.ARM.attributes)
 .ARM.attributes
                0x00000000       0x1e /home/Raven/SoftWare/arm-gnu-toolchain-13.3.rel1-x86_64-arm-none-eabi/bin/../lib/gcc/arm-none-eabi/13.3.1/thumb/v7e-m/nofp/crti.o
 .ARM.attributes
                0x0000001e       0x2e /home/Raven/SoftWare/arm-gnu-toolchain-13.3.rel1-x86_64-arm-none-eabi/bin/../lib/gcc/arm-none-eabi/13.3.1/thumb/v7e-m/nofp/crtbegin.o
 .ARM.attributes
                0x0000004c       0x2e ./src/init/main.o
 .ARM.attributes
                0x0000007a       0x2e ./src/target/ST/hal/src/bsp.o
 .ARM.attributes
                0x000000a8       0x2e ./src/target/ST/STM32G431RBT6/Device/ST/STM32G4xx/Source/Templates/system_stm32g4xx.o
 .ARM.attributes
                0x000000d6       0x2e ./src/target/ST/STM32G431RBT6/STM32G4xx_HAL_Driver/Src/stm32g4xx_hal_tim_ex.o
 .ARM.attributes
                0x00000104       0x2e ./src/target/ST/STM32G431RBT6/STM32G4xx_HAL_Driver/Src/stm32g4xx_hal_tim.o
 .ARM.attributes
                0x00000132       0x2e ./src/target/ST/STM32G431RBT6/STM32G4xx_HAL_Driver/Src/stm32g4xx_hal.o
 .ARM.attributes
                0x00000160       0x2e ./src/target/ST/STM32G431RBT6/STM32G4xx_HAL_Driver/Src/stm32g4xx_hal_timebase_tim_template.o
 .ARM.attributes
                0x0000018e       0x21 ./src/target/ST/STM32G431RBT6/Device/ST/STM32G4xx/Source/Templates/gcc/startup_stm32g431xx.o
 .ARM.attributes
                0x000001af       0x2e /home/Raven/SoftWare/arm-gnu-toolchain-13.3.rel1-x86_64-arm-none-eabi/bin/../lib/gcc/arm-none-eabi/13.3.1/../../../../arm-none-eabi/lib/thumb/v7e-m/nofp/libg.a(libc_a-__call_atexit.o)
 .ARM.attributes
                0x000001dd       0x2e /home/Raven/SoftWare/arm-gnu-toolchain-13.3.rel1-x86_64-arm-none-eabi/bin/../lib/gcc/arm-none-eabi/13.3.1/../../../../arm-none-eabi/lib/thumb/v7e-m/nofp/libg.a(libc_a-atexit.o)
 .ARM.attributes
                0x0000020b       0x2e /home/Raven/SoftWare/arm-gnu-toolchain-13.3.rel1-x86_64-arm-none-eabi/bin/../lib/gcc/arm-none-eabi/13.3.1/../../../../arm-none-eabi/lib/thumb/v7e-m/nofp/libg.a(libc_a-init.o)
 .ARM.attributes
                0x00000239       0x2e /home/Raven/SoftWare/arm-gnu-toolchain-13.3.rel1-x86_64-arm-none-eabi/bin/../lib/gcc/arm-none-eabi/13.3.1/../../../../arm-none-eabi/lib/thumb/v7e-m/nofp/libg.a(libc_a-fini.o)
 .ARM.attributes
                0x00000267       0x2e /home/Raven/SoftWare/arm-gnu-toolchain-13.3.rel1-x86_64-arm-none-eabi/bin/../lib/gcc/arm-none-eabi/13.3.1/../../../../arm-none-eabi/lib/thumb/v7e-m/nofp/libg.a(libc_a-lock.o)
 .ARM.attributes
                0x00000295       0x2e /home/Raven/SoftWare/arm-gnu-toolchain-13.3.rel1-x86_64-arm-none-eabi/bin/../lib/gcc/arm-none-eabi/13.3.1/../../../../arm-none-eabi/lib/thumb/v7e-m/nofp/libg.a(libc_a-__atexit.o)
 .ARM.attributes
                0x000002c3       0x2e /home/Raven/SoftWare/arm-gnu-toolchain-13.3.rel1-x86_64-arm-none-eabi/bin/../lib/gcc/arm-none-eabi/13.3.1/thumb/v7e-m/nofp/crtend.o
 .ARM.attributes
                0x000002f1       0x1e /home/Raven/SoftWare/arm-gnu-toolchain-13.3.rel1-x86_64-arm-none-eabi/bin/../lib/gcc/arm-none-eabi/13.3.1/thumb/v7e-m/nofp/crtn.o
OUTPUT(PRJ.elf elf32-littlearm)
LOAD linker stubs
LOAD /home/Raven/SoftWare/arm-gnu-toolchain-13.3.rel1-x86_64-arm-none-eabi/bin/../lib/gcc/arm-none-eabi/13.3.1/../../../../arm-none-eabi/lib/thumb/v7e-m/nofp/libc.a
LOAD /home/Raven/SoftWare/arm-gnu-toolchain-13.3.rel1-x86_64-arm-none-eabi/bin/../lib/gcc/arm-none-eabi/13.3.1/../../../../arm-none-eabi/lib/thumb/v7e-m/nofp/libm.a
LOAD /home/Raven/SoftWare/arm-gnu-toolchain-13.3.rel1-x86_64-arm-none-eabi/bin/../lib/gcc/arm-none-eabi/13.3.1/thumb/v7e-m/nofp/libgcc.a

.debug_info     0x00000000     0x7ca9
 .debug_info    0x00000000       0x80 ./src/init/main.o
 .debug_info    0x00000080      0x7dd ./src/target/ST/hal/src/bsp.o
 .debug_info    0x0000085d      0x444 ./src/target/ST/STM32G431RBT6/Device/ST/STM32G4xx/Source/Templates/system_stm32g4xx.o
 .debug_info    0x00000ca1     0x218d ./src/target/ST/STM32G431RBT6/STM32G4xx_HAL_Driver/Src/stm32g4xx_hal_tim_ex.o
 .debug_info    0x00002e2e     0x3246 ./src/target/ST/STM32G431RBT6/STM32G4xx_HAL_Driver/Src/stm32g4xx_hal_tim.o
 .debug_info    0x00006074      0xc59 ./src/target/ST/STM32G431RBT6/STM32G4xx_HAL_Driver/Src/stm32g4xx_hal.o
 .debug_info    0x00006ccd      0xfac ./src/target/ST/STM32G431RBT6/STM32G4xx_HAL_Driver/Src/stm32g4xx_hal_timebase_tim_template.o
 .debug_info    0x00007c79       0x30 ./src/target/ST/STM32G431RBT6/Device/ST/STM32G4xx/Source/Templates/gcc/startup_stm32g431xx.o

.debug_abbrev   0x00000000      0xd18
 .debug_abbrev  0x00000000       0x78 ./src/init/main.o
 .debug_abbrev  0x00000078      0x1f7 ./src/target/ST/hal/src/bsp.o
 .debug_abbrev  0x0000026f      0x115 ./src/target/ST/STM32G431RBT6/Device/ST/STM32G4xx/Source/Templates/system_stm32g4xx.o
 .debug_abbrev  0x00000384      0x28f ./src/target/ST/STM32G431RBT6/STM32G4xx_HAL_Driver/Src/stm32g4xx_hal_tim_ex.o
 .debug_abbrev  0x00000613      0x272 ./src/target/ST/STM32G431RBT6/STM32G4xx_HAL_Driver/Src/stm32g4xx_hal_tim.o
 .debug_abbrev  0x00000885      0x239 ./src/target/ST/STM32G431RBT6/STM32G4xx_HAL_Driver/Src/stm32g4xx_hal.o
 .debug_abbrev  0x00000abe      0x23d ./src/target/ST/STM32G431RBT6/STM32G4xx_HAL_Driver/Src/stm32g4xx_hal_timebase_tim_template.o
 .debug_abbrev  0x00000cfb       0x1d ./src/target/ST/STM32G431RBT6/Device/ST/STM32G4xx/Source/Templates/gcc/startup_stm32g431xx.o

.debug_loc      0x00000000     0x290d
 .debug_loc     0x00000000       0x4c ./src/init/main.o
 .debug_loc     0x0000004c       0xe8 ./src/target/ST/hal/src/bsp.o
 .debug_loc     0x00000134       0x2c ./src/target/ST/STM32G431RBT6/Device/ST/STM32G4xx/Source/Templates/system_stm32g4xx.o
 .debug_loc     0x00000160      0xd44 ./src/target/ST/STM32G431RBT6/STM32G4xx_HAL_Driver/Src/stm32g4xx_hal_tim_ex.o
 .debug_loc     0x00000ea4     0x17f0 ./src/target/ST/STM32G431RBT6/STM32G4xx_HAL_Driver/Src/stm32g4xx_hal_tim.o
 .debug_loc     0x00002694      0x1e8 ./src/target/ST/STM32G431RBT6/STM32G4xx_HAL_Driver/Src/stm32g4xx_hal.o
 .debug_loc     0x0000287c       0x91 ./src/target/ST/STM32G431RBT6/STM32G4xx_HAL_Driver/Src/stm32g4xx_hal_timebase_tim_template.o

.debug_aranges  0x00000000      0x878
 .debug_aranges
                0x00000000       0x28 ./src/init/main.o
 .debug_aranges
                0x00000028       0x58 ./src/target/ST/hal/src/bsp.o
 .debug_aranges
                0x00000080       0x28 ./src/target/ST/STM32G431RBT6/Device/ST/STM32G4xx/Source/Templates/system_stm32g4xx.o
 .debug_aranges
                0x000000a8      0x240 ./src/target/ST/STM32G431RBT6/STM32G4xx_HAL_Driver/Src/stm32g4xx_hal_tim_ex.o
 .debug_aranges
                0x000002e8      0x3e0 ./src/target/ST/STM32G431RBT6/STM32G4xx_HAL_Driver/Src/stm32g4xx_hal_tim.o
 .debug_aranges
                0x000006c8      0x148 ./src/target/ST/STM32G431RBT6/STM32G4xx_HAL_Driver/Src/stm32g4xx_hal.o
 .debug_aranges
                0x00000810       0x40 ./src/target/ST/STM32G431RBT6/STM32G4xx_HAL_Driver/Src/stm32g4xx_hal_timebase_tim_template.o
 .debug_aranges
                0x00000850       0x28 ./src/target/ST/STM32G431RBT6/Device/ST/STM32G4xx/Source/Templates/gcc/startup_stm32g431xx.o

.debug_ranges   0x00000000      0x800
 .debug_ranges  0x00000000       0x18 ./src/init/main.o
 .debug_ranges  0x00000018       0x48 ./src/target/ST/hal/src/bsp.o
 .debug_ranges  0x00000060       0x18 ./src/target/ST/STM32G431RBT6/Device/ST/STM32G4xx/Source/Templates/system_stm32g4xx.o
 .debug_ranges  0x00000078      0x230 ./src/target/ST/STM32G431RBT6/STM32G4xx_HAL_Driver/Src/stm32g4xx_hal_tim_ex.o
 .debug_ranges  0x000002a8      0x3d0 ./src/target/ST/STM32G431RBT6/STM32G4xx_HAL_Driver/Src/stm32g4xx_hal_tim.o
 .debug_ranges  0x00000678      0x138 ./src/target/ST/STM32G431RBT6/STM32G4xx_HAL_Driver/Src/stm32g4xx_hal.o
 .debug_ranges  0x000007b0       0x30 ./src/target/ST/STM32G431RBT6/STM32G4xx_HAL_Driver/Src/stm32g4xx_hal_timebase_tim_template.o
 .debug_ranges  0x000007e0       0x20 ./src/target/ST/STM32G431RBT6/Device/ST/STM32G4xx/Source/Templates/gcc/startup_stm32g431xx.o

.debug_line     0x00000000     0x6530
 .debug_line    0x00000000       0x95 ./src/init/main.o
 .debug_line    0x00000095      0x307 ./src/target/ST/hal/src/bsp.o
 .debug_line    0x0000039c      0x246 ./src/target/ST/STM32G431RBT6/Device/ST/STM32G4xx/Source/Templates/system_stm32g4xx.o
 .debug_line    0x000005e2     0x1ad9 ./src/target/ST/STM32G431RBT6/STM32G4xx_HAL_Driver/Src/stm32g4xx_hal_tim_ex.o
 .debug_line    0x000020bb     0x39eb ./src/target/ST/STM32G431RBT6/STM32G4xx_HAL_Driver/Src/stm32g4xx_hal_tim.o
 .debug_line    0x00005aa6      0x6a6 ./src/target/ST/STM32G431RBT6/STM32G4xx_HAL_Driver/Src/stm32g4xx_hal.o
 .debug_line    0x0000614c      0x32b ./src/target/ST/STM32G431RBT6/STM32G4xx_HAL_Driver/Src/stm32g4xx_hal_timebase_tim_template.o
 .debug_line    0x00006477       0xb9 ./src/target/ST/STM32G431RBT6/Device/ST/STM32G4xx/Source/Templates/gcc/startup_stm32g431xx.o

.debug_str      0x00000000     0x2fc3
 .debug_str     0x00000000     0x2fc3 ./src/init/main.o
                                0x138 (size before relaxing)
 .debug_str     0x00002fc3      0x808 ./src/target/ST/hal/src/bsp.o
 .debug_str     0x00002fc3      0x3d5 ./src/target/ST/STM32G431RBT6/Device/ST/STM32G4xx/Source/Templates/system_stm32g4xx.o
 .debug_str     0x00002fc3     0x1562 ./src/target/ST/STM32G431RBT6/STM32G4xx_HAL_Driver/Src/stm32g4xx_hal_tim_ex.o
 .debug_str     0x00002fc3     0x18ef ./src/target/ST/STM32G431RBT6/STM32G4xx_HAL_Driver/Src/stm32g4xx_hal_tim.o
 .debug_str     0x00002fc3      0xcb6 ./src/target/ST/STM32G431RBT6/STM32G4xx_HAL_Driver/Src/stm32g4xx_hal.o
 .debug_str     0x00002fc3      0xfcd ./src/target/ST/STM32G431RBT6/STM32G4xx_HAL_Driver/Src/stm32g4xx_hal_timebase_tim_template.o
 .debug_str     0x00002fc3       0xd1 ./src/target/ST/STM32G431RBT6/Device/ST/STM32G4xx/Source/Templates/gcc/startup_stm32g431xx.o

.comment        0x00000000       0x45
 .comment       0x00000000       0x45 ./src/init/main.o
                                 0x46 (size before relaxing)
 .comment       0x00000045       0x46 ./src/target/ST/hal/src/bsp.o
 .comment       0x00000045       0x46 ./src/target/ST/STM32G431RBT6/Device/ST/STM32G4xx/Source/Templates/system_stm32g4xx.o
 .comment       0x00000045       0x46 ./src/target/ST/STM32G431RBT6/STM32G4xx_HAL_Driver/Src/stm32g4xx_hal_tim_ex.o
 .comment       0x00000045       0x46 ./src/target/ST/STM32G431RBT6/STM32G4xx_HAL_Driver/Src/stm32g4xx_hal_tim.o
 .comment       0x00000045       0x46 ./src/target/ST/STM32G431RBT6/STM32G4xx_HAL_Driver/Src/stm32g4xx_hal.o
 .comment       0x00000045       0x46 ./src/target/ST/STM32G431RBT6/STM32G4xx_HAL_Driver/Src/stm32g4xx_hal_timebase_tim_template.o

.debug_frame    0x00000000     0x19f8
 .debug_frame   0x00000000       0x40 ./src/init/main.o
 .debug_frame   0x00000040       0xc0 ./src/target/ST/hal/src/bsp.o
 .debug_frame   0x00000100       0x38 ./src/target/ST/STM32G431RBT6/Device/ST/STM32G4xx/Source/Templates/system_stm32g4xx.o
 .debug_frame   0x00000138      0x708 ./src/target/ST/STM32G431RBT6/STM32G4xx_HAL_Driver/Src/stm32g4xx_hal_tim_ex.o
 .debug_frame   0x00000840      0xca4 ./src/target/ST/STM32G431RBT6/STM32G4xx_HAL_Driver/Src/stm32g4xx_hal_tim.o
 .debug_frame   0x000014e4      0x2d4 ./src/target/ST/STM32G431RBT6/STM32G4xx_HAL_Driver/Src/stm32g4xx_hal.o
 .debug_frame   0x000017b8       0x80 ./src/target/ST/STM32G431RBT6/STM32G4xx_HAL_Driver/Src/stm32g4xx_hal_timebase_tim_template.o
 .debug_frame   0x00001838       0x5c /home/Raven/SoftWare/arm-gnu-toolchain-13.3.rel1-x86_64-arm-none-eabi/bin/../lib/gcc/arm-none-eabi/13.3.1/../../../../arm-none-eabi/lib/thumb/v7e-m/nofp/libg.a(libc_a-__call_atexit.o)
 .debug_frame   0x00001894       0x20 /home/Raven/SoftWare/arm-gnu-toolchain-13.3.rel1-x86_64-arm-none-eabi/bin/../lib/gcc/arm-none-eabi/13.3.1/../../../../arm-none-eabi/lib/thumb/v7e-m/nofp/libg.a(libc_a-atexit.o)
 .debug_frame   0x000018b4       0x2c /home/Raven/SoftWare/arm-gnu-toolchain-13.3.rel1-x86_64-arm-none-eabi/bin/../lib/gcc/arm-none-eabi/13.3.1/../../../../arm-none-eabi/lib/thumb/v7e-m/nofp/libg.a(libc_a-init.o)
 .debug_frame   0x000018e0       0x34 /home/Raven/SoftWare/arm-gnu-toolchain-13.3.rel1-x86_64-arm-none-eabi/bin/../lib/gcc/arm-none-eabi/13.3.1/../../../../arm-none-eabi/lib/thumb/v7e-m/nofp/libg.a(libc_a-fini.o)
 .debug_frame   0x00001914       0xb0 /home/Raven/SoftWare/arm-gnu-toolchain-13.3.rel1-x86_64-arm-none-eabi/bin/../lib/gcc/arm-none-eabi/13.3.1/../../../../arm-none-eabi/lib/thumb/v7e-m/nofp/libg.a(libc_a-lock.o)
 .debug_frame   0x000019c4       0x34 /home/Raven/SoftWare/arm-gnu-toolchain-13.3.rel1-x86_64-arm-none-eabi/bin/../lib/gcc/arm-none-eabi/13.3.1/../../../../arm-none-eabi/lib/thumb/v7e-m/nofp/libg.a(libc_a-__atexit.o)

Cross Reference Table

Symbol                                            File
ADC1_2_IRQHandler                                 ./src/target/ST/STM32G431RBT6/Device/ST/STM32G4xx/Source/Templates/gcc/startup_stm32g431xx.o
ADC_ConversionStop                                ./src/target/ST/STM32G431RBT6/STM32G4xx_HAL_Driver/Src/stm32g4xx_hal_adc.o
                                                  ./src/target/ST/STM32G431RBT6/STM32G4xx_HAL_Driver/Src/stm32g4xx_hal_adc_ex.o
ADC_DMAConvCplt                                   ./src/target/ST/STM32G431RBT6/STM32G4xx_HAL_Driver/Src/stm32g4xx_hal_adc.o
                                                  ./src/target/ST/STM32G431RBT6/STM32G4xx_HAL_Driver/Src/stm32g4xx_hal_adc_ex.o
ADC_DMAError                                      ./src/target/ST/STM32G431RBT6/STM32G4xx_HAL_Driver/Src/stm32g4xx_hal_adc.o
                                                  ./src/target/ST/STM32G431RBT6/STM32G4xx_HAL_Driver/Src/stm32g4xx_hal_adc_ex.o
ADC_DMAHalfConvCplt                               ./src/target/ST/STM32G431RBT6/STM32G4xx_HAL_Driver/Src/stm32g4xx_hal_adc.o
                                                  ./src/target/ST/STM32G431RBT6/STM32G4xx_HAL_Driver/Src/stm32g4xx_hal_adc_ex.o
ADC_Disable                                       ./src/target/ST/STM32G431RBT6/STM32G4xx_HAL_Driver/Src/stm32g4xx_hal_adc.o
                                                  ./src/target/ST/STM32G431RBT6/STM32G4xx_HAL_Driver/Src/stm32g4xx_hal_adc_ex.o
ADC_Enable                                        ./src/target/ST/STM32G431RBT6/STM32G4xx_HAL_Driver/Src/stm32g4xx_hal_adc.o
                                                  ./src/target/ST/STM32G431RBT6/STM32G4xx_HAL_Driver/Src/stm32g4xx_hal_adc_ex.o
AHBPrescTable                                     ./src/target/ST/STM32G431RBT6/Device/ST/STM32G4xx/Source/Templates/system_stm32g4xx.o
                                                  ./src/target/ST/STM32G431RBT6/STM32G4xx_HAL_Driver/Src/stm32g4xx_ll_utils.o
                                                  ./src/target/ST/STM32G431RBT6/STM32G4xx_HAL_Driver/Src/stm32g4xx_hal_rcc.o
APBPrescTable                                     ./src/target/ST/STM32G431RBT6/Device/ST/STM32G4xx/Source/Templates/system_stm32g4xx.o
                                                  ./src/target/ST/STM32G431RBT6/STM32G4xx_HAL_Driver/Src/stm32g4xx_hal_rcc.o
BusFault_Handler                                  ./src/target/ST/STM32G431RBT6/Device/ST/STM32G4xx/Source/Templates/gcc/startup_stm32g431xx.o
COMP1_2_3_IRQHandler                              ./src/target/ST/STM32G431RBT6/Device/ST/STM32G4xx/Source/Templates/gcc/startup_stm32g431xx.o
COMP4_IRQHandler                                  ./src/target/ST/STM32G431RBT6/Device/ST/STM32G4xx/Source/Templates/gcc/startup_stm32g431xx.o
CORDIC_IRQHandler                                 ./src/target/ST/STM32G431RBT6/Device/ST/STM32G4xx/Source/Templates/gcc/startup_stm32g431xx.o
CRS_IRQHandler                                    ./src/target/ST/STM32G431RBT6/Device/ST/STM32G4xx/Source/Templates/gcc/startup_stm32g431xx.o
DAC_DMAConvCpltCh1                                ./src/target/ST/STM32G431RBT6/STM32G4xx_HAL_Driver/Src/stm32g4xx_hal_dac.o
                                                  ./src/target/ST/STM32G431RBT6/STM32G4xx_HAL_Driver/Src/stm32g4xx_hal_dac_ex.o
DAC_DMAConvCpltCh2                                ./src/target/ST/STM32G431RBT6/STM32G4xx_HAL_Driver/Src/stm32g4xx_hal_dac_ex.o
                                                  ./src/target/ST/STM32G431RBT6/STM32G4xx_HAL_Driver/Src/stm32g4xx_hal_dac.o
DAC_DMAErrorCh1                                   ./src/target/ST/STM32G431RBT6/STM32G4xx_HAL_Driver/Src/stm32g4xx_hal_dac.o
                                                  ./src/target/ST/STM32G431RBT6/STM32G4xx_HAL_Driver/Src/stm32g4xx_hal_dac_ex.o
DAC_DMAErrorCh2                                   ./src/target/ST/STM32G431RBT6/STM32G4xx_HAL_Driver/Src/stm32g4xx_hal_dac_ex.o
                                                  ./src/target/ST/STM32G431RBT6/STM32G4xx_HAL_Driver/Src/stm32g4xx_hal_dac.o
DAC_DMAHalfConvCpltCh1                            ./src/target/ST/STM32G431RBT6/STM32G4xx_HAL_Driver/Src/stm32g4xx_hal_dac.o
                                                  ./src/target/ST/STM32G431RBT6/STM32G4xx_HAL_Driver/Src/stm32g4xx_hal_dac_ex.o
DAC_DMAHalfConvCpltCh2                            ./src/target/ST/STM32G431RBT6/STM32G4xx_HAL_Driver/Src/stm32g4xx_hal_dac_ex.o
                                                  ./src/target/ST/STM32G431RBT6/STM32G4xx_HAL_Driver/Src/stm32g4xx_hal_dac.o
DMA1_Channel1_IRQHandler                          ./src/target/ST/STM32G431RBT6/Device/ST/STM32G4xx/Source/Templates/gcc/startup_stm32g431xx.o
DMA1_Channel2_IRQHandler                          ./src/target/ST/STM32G431RBT6/Device/ST/STM32G4xx/Source/Templates/gcc/startup_stm32g431xx.o
DMA1_Channel3_IRQHandler                          ./src/target/ST/STM32G431RBT6/Device/ST/STM32G4xx/Source/Templates/gcc/startup_stm32g431xx.o
DMA1_Channel4_IRQHandler                          ./src/target/ST/STM32G431RBT6/Device/ST/STM32G4xx/Source/Templates/gcc/startup_stm32g431xx.o
DMA1_Channel5_IRQHandler                          ./src/target/ST/STM32G431RBT6/Device/ST/STM32G4xx/Source/Templates/gcc/startup_stm32g431xx.o
DMA1_Channel6_IRQHandler                          ./src/target/ST/STM32G431RBT6/Device/ST/STM32G4xx/Source/Templates/gcc/startup_stm32g431xx.o
DMA2_Channel1_IRQHandler                          ./src/target/ST/STM32G431RBT6/Device/ST/STM32G4xx/Source/Templates/gcc/startup_stm32g431xx.o
DMA2_Channel2_IRQHandler                          ./src/target/ST/STM32G431RBT6/Device/ST/STM32G4xx/Source/Templates/gcc/startup_stm32g431xx.o
DMA2_Channel3_IRQHandler                          ./src/target/ST/STM32G431RBT6/Device/ST/STM32G4xx/Source/Templates/gcc/startup_stm32g431xx.o
DMA2_Channel4_IRQHandler                          ./src/target/ST/STM32G431RBT6/Device/ST/STM32G4xx/Source/Templates/gcc/startup_stm32g431xx.o
DMA2_Channel5_IRQHandler                          ./src/target/ST/STM32G431RBT6/Device/ST/STM32G4xx/Source/Templates/gcc/startup_stm32g431xx.o
DMA2_Channel6_IRQHandler                          ./src/target/ST/STM32G431RBT6/Device/ST/STM32G4xx/Source/Templates/gcc/startup_stm32g431xx.o
DMAMUX_OVR_IRQHandler                             ./src/target/ST/STM32G431RBT6/Device/ST/STM32G4xx/Source/Templates/gcc/startup_stm32g431xx.o
DebugMon_Handler                                  ./src/target/ST/STM32G431RBT6/Device/ST/STM32G4xx/Source/Templates/gcc/startup_stm32g431xx.o
Default_Handler                                   ./src/target/ST/STM32G431RBT6/Device/ST/STM32G4xx/Source/Templates/gcc/startup_stm32g431xx.o
EXTI0_IRQHandler                                  ./src/target/ST/STM32G431RBT6/Device/ST/STM32G4xx/Source/Templates/gcc/startup_stm32g431xx.o
EXTI15_10_IRQHandler                              ./src/target/ST/STM32G431RBT6/Device/ST/STM32G4xx/Source/Templates/gcc/startup_stm32g431xx.o
EXTI1_IRQHandler                                  ./src/target/ST/STM32G431RBT6/Device/ST/STM32G4xx/Source/Templates/gcc/startup_stm32g431xx.o
EXTI2_IRQHandler                                  ./src/target/ST/STM32G431RBT6/Device/ST/STM32G4xx/Source/Templates/gcc/startup_stm32g431xx.o
EXTI3_IRQHandler                                  ./src/target/ST/STM32G431RBT6/Device/ST/STM32G4xx/Source/Templates/gcc/startup_stm32g431xx.o
EXTI4_IRQHandler                                  ./src/target/ST/STM32G431RBT6/Device/ST/STM32G4xx/Source/Templates/gcc/startup_stm32g431xx.o
EXTI9_5_IRQHandler                                ./src/target/ST/STM32G431RBT6/Device/ST/STM32G4xx/Source/Templates/gcc/startup_stm32g431xx.o
FDCAN1_IT0_IRQHandler                             ./src/target/ST/STM32G431RBT6/Device/ST/STM32G4xx/Source/Templates/gcc/startup_stm32g431xx.o
FDCAN1_IT1_IRQHandler                             ./src/target/ST/STM32G431RBT6/Device/ST/STM32G4xx/Source/Templates/gcc/startup_stm32g431xx.o
FLASH_FlushCaches                                 ./src/target/ST/STM32G431RBT6/STM32G4xx_HAL_Driver/Src/stm32g4xx_hal_flash_ex.o
                                                  ./src/target/ST/STM32G431RBT6/STM32G4xx_HAL_Driver/Src/stm32g4xx_hal_flash.o
FLASH_IRQHandler                                  ./src/target/ST/STM32G431RBT6/Device/ST/STM32G4xx/Source/Templates/gcc/startup_stm32g431xx.o
FLASH_PageErase                                   ./src/target/ST/STM32G431RBT6/STM32G4xx_HAL_Driver/Src/stm32g4xx_hal_flash_ex.o
                                                  ./src/target/ST/STM32G431RBT6/STM32G4xx_HAL_Driver/Src/stm32g4xx_hal_flash.o
FLASH_WaitForLastOperation                        ./src/target/ST/STM32G431RBT6/STM32G4xx_HAL_Driver/Src/stm32g4xx_hal_flash.o
                                                  ./src/target/ST/STM32G431RBT6/STM32G4xx_HAL_Driver/Src/stm32g4xx_hal_flash_ex.o
FMAC_IRQHandler                                   ./src/target/ST/STM32G431RBT6/Device/ST/STM32G4xx/Source/Templates/gcc/startup_stm32g431xx.o
FPU_IRQHandler                                    ./src/target/ST/STM32G431RBT6/Device/ST/STM32G4xx/Source/Templates/gcc/startup_stm32g431xx.o
HAL_ADCEx_Calibration_GetValue                    ./src/target/ST/STM32G431RBT6/STM32G4xx_HAL_Driver/Src/stm32g4xx_hal_adc_ex.o
HAL_ADCEx_Calibration_SetValue                    ./src/target/ST/STM32G431RBT6/STM32G4xx_HAL_Driver/Src/stm32g4xx_hal_adc_ex.o
HAL_ADCEx_Calibration_Start                       ./src/target/ST/STM32G431RBT6/STM32G4xx_HAL_Driver/Src/stm32g4xx_hal_adc_ex.o
HAL_ADCEx_DisableInjectedQueue                    ./src/target/ST/STM32G431RBT6/STM32G4xx_HAL_Driver/Src/stm32g4xx_hal_adc_ex.o
HAL_ADCEx_DisableVoltageRegulator                 ./src/target/ST/STM32G431RBT6/STM32G4xx_HAL_Driver/Src/stm32g4xx_hal_adc_ex.o
HAL_ADCEx_EnableInjectedQueue                     ./src/target/ST/STM32G431RBT6/STM32G4xx_HAL_Driver/Src/stm32g4xx_hal_adc_ex.o
HAL_ADCEx_EndOfSamplingCallback                   ./src/target/ST/STM32G431RBT6/STM32G4xx_HAL_Driver/Src/stm32g4xx_hal_adc_ex.o
                                                  ./src/target/ST/STM32G431RBT6/STM32G4xx_HAL_Driver/Src/stm32g4xx_hal_adc.o
HAL_ADCEx_EnterADCDeepPowerDownMode               ./src/target/ST/STM32G431RBT6/STM32G4xx_HAL_Driver/Src/stm32g4xx_hal_adc_ex.o
HAL_ADCEx_InjectedConfigChannel                   ./src/target/ST/STM32G431RBT6/STM32G4xx_HAL_Driver/Src/stm32g4xx_hal_adc_ex.o
HAL_ADCEx_InjectedConvCpltCallback                ./src/target/ST/STM32G431RBT6/STM32G4xx_HAL_Driver/Src/stm32g4xx_hal_adc_ex.o
                                                  ./src/target/ST/STM32G431RBT6/STM32G4xx_HAL_Driver/Src/stm32g4xx_hal_adc.o
HAL_ADCEx_InjectedGetValue                        ./src/target/ST/STM32G431RBT6/STM32G4xx_HAL_Driver/Src/stm32g4xx_hal_adc_ex.o
HAL_ADCEx_InjectedPollForConversion               ./src/target/ST/STM32G431RBT6/STM32G4xx_HAL_Driver/Src/stm32g4xx_hal_adc_ex.o
HAL_ADCEx_InjectedQueueOverflowCallback           ./src/target/ST/STM32G431RBT6/STM32G4xx_HAL_Driver/Src/stm32g4xx_hal_adc_ex.o
                                                  ./src/target/ST/STM32G431RBT6/STM32G4xx_HAL_Driver/Src/stm32g4xx_hal_adc.o
HAL_ADCEx_InjectedStart                           ./src/target/ST/STM32G431RBT6/STM32G4xx_HAL_Driver/Src/stm32g4xx_hal_adc_ex.o
HAL_ADCEx_InjectedStart_IT                        ./src/target/ST/STM32G431RBT6/STM32G4xx_HAL_Driver/Src/stm32g4xx_hal_adc_ex.o
HAL_ADCEx_InjectedStop                            ./src/target/ST/STM32G431RBT6/STM32G4xx_HAL_Driver/Src/stm32g4xx_hal_adc_ex.o
HAL_ADCEx_InjectedStop_IT                         ./src/target/ST/STM32G431RBT6/STM32G4xx_HAL_Driver/Src/stm32g4xx_hal_adc_ex.o
HAL_ADCEx_LevelOutOfWindow2Callback               ./src/target/ST/STM32G431RBT6/STM32G4xx_HAL_Driver/Src/stm32g4xx_hal_adc_ex.o
                                                  ./src/target/ST/STM32G431RBT6/STM32G4xx_HAL_Driver/Src/stm32g4xx_hal_adc.o
HAL_ADCEx_LevelOutOfWindow3Callback               ./src/target/ST/STM32G431RBT6/STM32G4xx_HAL_Driver/Src/stm32g4xx_hal_adc_ex.o
                                                  ./src/target/ST/STM32G431RBT6/STM32G4xx_HAL_Driver/Src/stm32g4xx_hal_adc.o
HAL_ADCEx_MultiModeConfigChannel                  ./src/target/ST/STM32G431RBT6/STM32G4xx_HAL_Driver/Src/stm32g4xx_hal_adc_ex.o
HAL_ADCEx_MultiModeGetValue                       ./src/target/ST/STM32G431RBT6/STM32G4xx_HAL_Driver/Src/stm32g4xx_hal_adc_ex.o
HAL_ADCEx_MultiModeStart_DMA                      ./src/target/ST/STM32G431RBT6/STM32G4xx_HAL_Driver/Src/stm32g4xx_hal_adc_ex.o
HAL_ADCEx_MultiModeStop_DMA                       ./src/target/ST/STM32G431RBT6/STM32G4xx_HAL_Driver/Src/stm32g4xx_hal_adc_ex.o
HAL_ADCEx_RegularMultiModeStop_DMA                ./src/target/ST/STM32G431RBT6/STM32G4xx_HAL_Driver/Src/stm32g4xx_hal_adc_ex.o
HAL_ADCEx_RegularStop                             ./src/target/ST/STM32G431RBT6/STM32G4xx_HAL_Driver/Src/stm32g4xx_hal_adc_ex.o
HAL_ADCEx_RegularStop_DMA                         ./src/target/ST/STM32G431RBT6/STM32G4xx_HAL_Driver/Src/stm32g4xx_hal_adc_ex.o
HAL_ADCEx_RegularStop_IT                          ./src/target/ST/STM32G431RBT6/STM32G4xx_HAL_Driver/Src/stm32g4xx_hal_adc_ex.o
HAL_ADC_AnalogWDGConfig                           ./src/target/ST/STM32G431RBT6/STM32G4xx_HAL_Driver/Src/stm32g4xx_hal_adc.o
HAL_ADC_ConfigChannel                             ./src/target/ST/STM32G431RBT6/STM32G4xx_HAL_Driver/Src/stm32g4xx_hal_adc.o
HAL_ADC_ConvCpltCallback                          ./src/target/ST/STM32G431RBT6/STM32G4xx_HAL_Driver/Src/stm32g4xx_hal_adc.o
HAL_ADC_ConvHalfCpltCallback                      ./src/target/ST/STM32G431RBT6/STM32G4xx_HAL_Driver/Src/stm32g4xx_hal_adc.o
HAL_ADC_DeInit                                    ./src/target/ST/STM32G431RBT6/STM32G4xx_HAL_Driver/Src/stm32g4xx_hal_adc.o
HAL_ADC_ErrorCallback                             ./src/target/ST/STM32G431RBT6/STM32G4xx_HAL_Driver/Src/stm32g4xx_hal_adc.o
HAL_ADC_GetError                                  ./src/target/ST/STM32G431RBT6/STM32G4xx_HAL_Driver/Src/stm32g4xx_hal_adc.o
HAL_ADC_GetState                                  ./src/target/ST/STM32G431RBT6/STM32G4xx_HAL_Driver/Src/stm32g4xx_hal_adc.o
HAL_ADC_GetValue                                  ./src/target/ST/STM32G431RBT6/STM32G4xx_HAL_Driver/Src/stm32g4xx_hal_adc.o
HAL_ADC_IRQHandler                                ./src/target/ST/STM32G431RBT6/STM32G4xx_HAL_Driver/Src/stm32g4xx_hal_adc.o
HAL_ADC_Init                                      ./src/target/ST/STM32G431RBT6/STM32G4xx_HAL_Driver/Src/stm32g4xx_hal_adc.o
HAL_ADC_LevelOutOfWindowCallback                  ./src/target/ST/STM32G431RBT6/STM32G4xx_HAL_Driver/Src/stm32g4xx_hal_adc.o
HAL_ADC_MspDeInit                                 ./src/target/ST/STM32G431RBT6/STM32G4xx_HAL_Driver/Src/stm32g4xx_hal_adc.o
HAL_ADC_MspInit                                   ./src/target/ST/STM32G431RBT6/STM32G4xx_HAL_Driver/Src/stm32g4xx_hal_adc.o
HAL_ADC_PollForConversion                         ./src/target/ST/STM32G431RBT6/STM32G4xx_HAL_Driver/Src/stm32g4xx_hal_adc.o
HAL_ADC_PollForEvent                              ./src/target/ST/STM32G431RBT6/STM32G4xx_HAL_Driver/Src/stm32g4xx_hal_adc.o
HAL_ADC_Start                                     ./src/target/ST/STM32G431RBT6/STM32G4xx_HAL_Driver/Src/stm32g4xx_hal_adc.o
HAL_ADC_StartSampling                             ./src/target/ST/STM32G431RBT6/STM32G4xx_HAL_Driver/Src/stm32g4xx_hal_adc.o
HAL_ADC_Start_DMA                                 ./src/target/ST/STM32G431RBT6/STM32G4xx_HAL_Driver/Src/stm32g4xx_hal_adc.o
HAL_ADC_Start_IT                                  ./src/target/ST/STM32G431RBT6/STM32G4xx_HAL_Driver/Src/stm32g4xx_hal_adc.o
HAL_ADC_Stop                                      ./src/target/ST/STM32G431RBT6/STM32G4xx_HAL_Driver/Src/stm32g4xx_hal_adc.o
HAL_ADC_StopSampling                              ./src/target/ST/STM32G431RBT6/STM32G4xx_HAL_Driver/Src/stm32g4xx_hal_adc.o
HAL_ADC_Stop_DMA                                  ./src/target/ST/STM32G431RBT6/STM32G4xx_HAL_Driver/Src/stm32g4xx_hal_adc.o
HAL_ADC_Stop_IT                                   ./src/target/ST/STM32G431RBT6/STM32G4xx_HAL_Driver/Src/stm32g4xx_hal_adc.o
HAL_COMP_DeInit                                   ./src/target/ST/STM32G431RBT6/STM32G4xx_HAL_Driver/Src/stm32g4xx_hal_comp.o
HAL_COMP_GetError                                 ./src/target/ST/STM32G431RBT6/STM32G4xx_HAL_Driver/Src/stm32g4xx_hal_comp.o
HAL_COMP_GetOutputLevel                           ./src/target/ST/STM32G431RBT6/STM32G4xx_HAL_Driver/Src/stm32g4xx_hal_comp.o
HAL_COMP_GetState                                 ./src/target/ST/STM32G431RBT6/STM32G4xx_HAL_Driver/Src/stm32g4xx_hal_comp.o
HAL_COMP_IRQHandler                               ./src/target/ST/STM32G431RBT6/STM32G4xx_HAL_Driver/Src/stm32g4xx_hal_comp.o
HAL_COMP_Init                                     ./src/target/ST/STM32G431RBT6/STM32G4xx_HAL_Driver/Src/stm32g4xx_hal_comp.o
HAL_COMP_Lock                                     ./src/target/ST/STM32G431RBT6/STM32G4xx_HAL_Driver/Src/stm32g4xx_hal_comp.o
HAL_COMP_MspDeInit                                ./src/target/ST/STM32G431RBT6/STM32G4xx_HAL_Driver/Src/stm32g4xx_hal_comp.o
HAL_COMP_MspInit                                  ./src/target/ST/STM32G431RBT6/STM32G4xx_HAL_Driver/Src/stm32g4xx_hal_comp.o
HAL_COMP_Start                                    ./src/target/ST/STM32G431RBT6/STM32G4xx_HAL_Driver/Src/stm32g4xx_hal_comp.o
HAL_COMP_Stop                                     ./src/target/ST/STM32G431RBT6/STM32G4xx_HAL_Driver/Src/stm32g4xx_hal_comp.o
HAL_COMP_TriggerCallback                          ./src/target/ST/STM32G431RBT6/STM32G4xx_HAL_Driver/Src/stm32g4xx_hal_comp.o
HAL_CORDIC_Calculate                              ./src/target/ST/STM32G431RBT6/STM32G4xx_HAL_Driver/Src/stm32g4xx_hal_cordic.o
HAL_CORDIC_CalculateCpltCallback                  ./src/target/ST/STM32G431RBT6/STM32G4xx_HAL_Driver/Src/stm32g4xx_hal_cordic.o
HAL_CORDIC_CalculateZO                            ./src/target/ST/STM32G431RBT6/STM32G4xx_HAL_Driver/Src/stm32g4xx_hal_cordic.o
HAL_CORDIC_Calculate_DMA                          ./src/target/ST/STM32G431RBT6/STM32G4xx_HAL_Driver/Src/stm32g4xx_hal_cordic.o
HAL_CORDIC_Calculate_IT                           ./src/target/ST/STM32G431RBT6/STM32G4xx_HAL_Driver/Src/stm32g4xx_hal_cordic.o
HAL_CORDIC_Configure                              ./src/target/ST/STM32G431RBT6/STM32G4xx_HAL_Driver/Src/stm32g4xx_hal_cordic.o
HAL_CORDIC_DeInit                                 ./src/target/ST/STM32G431RBT6/STM32G4xx_HAL_Driver/Src/stm32g4xx_hal_cordic.o
HAL_CORDIC_ErrorCallback                          ./src/target/ST/STM32G431RBT6/STM32G4xx_HAL_Driver/Src/stm32g4xx_hal_cordic.o
HAL_CORDIC_GetError                               ./src/target/ST/STM32G431RBT6/STM32G4xx_HAL_Driver/Src/stm32g4xx_hal_cordic.o
HAL_CORDIC_GetState                               ./src/target/ST/STM32G431RBT6/STM32G4xx_HAL_Driver/Src/stm32g4xx_hal_cordic.o
HAL_CORDIC_IRQHandler                             ./src/target/ST/STM32G431RBT6/STM32G4xx_HAL_Driver/Src/stm32g4xx_hal_cordic.o
HAL_CORDIC_Init                                   ./src/target/ST/STM32G431RBT6/STM32G4xx_HAL_Driver/Src/stm32g4xx_hal_cordic.o
HAL_CORDIC_MspDeInit                              ./src/target/ST/STM32G431RBT6/STM32G4xx_HAL_Driver/Src/stm32g4xx_hal_cordic.o
HAL_CORDIC_MspInit                                ./src/target/ST/STM32G431RBT6/STM32G4xx_HAL_Driver/Src/stm32g4xx_hal_cordic.o
HAL_CRCEx_Input_Data_Reverse                      ./src/target/ST/STM32G431RBT6/STM32G4xx_HAL_Driver/Src/stm32g4xx_hal_crc_ex.o
HAL_CRCEx_Output_Data_Reverse                     ./src/target/ST/STM32G431RBT6/STM32G4xx_HAL_Driver/Src/stm32g4xx_hal_crc_ex.o
HAL_CRCEx_Polynomial_Set                          ./src/target/ST/STM32G431RBT6/STM32G4xx_HAL_Driver/Src/stm32g4xx_hal_crc_ex.o
                                                  ./src/target/ST/STM32G431RBT6/STM32G4xx_HAL_Driver/Src/stm32g4xx_hal_crc.o
HAL_CRC_Accumulate                                ./src/target/ST/STM32G431RBT6/STM32G4xx_HAL_Driver/Src/stm32g4xx_hal_crc.o
HAL_CRC_Calculate                                 ./src/target/ST/STM32G431RBT6/STM32G4xx_HAL_Driver/Src/stm32g4xx_hal_crc.o
HAL_CRC_DeInit                                    ./src/target/ST/STM32G431RBT6/STM32G4xx_HAL_Driver/Src/stm32g4xx_hal_crc.o
HAL_CRC_GetState                                  ./src/target/ST/STM32G431RBT6/STM32G4xx_HAL_Driver/Src/stm32g4xx_hal_crc.o
HAL_CRC_Init                                      ./src/target/ST/STM32G431RBT6/STM32G4xx_HAL_Driver/Src/stm32g4xx_hal_crc.o
HAL_CRC_MspDeInit                                 ./src/target/ST/STM32G431RBT6/STM32G4xx_HAL_Driver/Src/stm32g4xx_hal_crc.o
HAL_CRC_MspInit                                   ./src/target/ST/STM32G431RBT6/STM32G4xx_HAL_Driver/Src/stm32g4xx_hal_crc.o
HAL_DACEx_ConvCpltCallbackCh2                     ./src/target/ST/STM32G431RBT6/STM32G4xx_HAL_Driver/Src/stm32g4xx_hal_dac_ex.o
HAL_DACEx_ConvHalfCpltCallbackCh2                 ./src/target/ST/STM32G431RBT6/STM32G4xx_HAL_Driver/Src/stm32g4xx_hal_dac_ex.o
HAL_DACEx_DMAUnderrunCallbackCh2                  ./src/target/ST/STM32G431RBT6/STM32G4xx_HAL_Driver/Src/stm32g4xx_hal_dac_ex.o
                                                  ./src/target/ST/STM32G431RBT6/STM32G4xx_HAL_Driver/Src/stm32g4xx_hal_dac.o
HAL_DACEx_DualGetValue                            ./src/target/ST/STM32G431RBT6/STM32G4xx_HAL_Driver/Src/stm32g4xx_hal_dac_ex.o
HAL_DACEx_DualSetValue                            ./src/target/ST/STM32G431RBT6/STM32G4xx_HAL_Driver/Src/stm32g4xx_hal_dac_ex.o
HAL_DACEx_DualStart                               ./src/target/ST/STM32G431RBT6/STM32G4xx_HAL_Driver/Src/stm32g4xx_hal_dac_ex.o
HAL_DACEx_DualStart_DMA                           ./src/target/ST/STM32G431RBT6/STM32G4xx_HAL_Driver/Src/stm32g4xx_hal_dac_ex.o
HAL_DACEx_DualStop                                ./src/target/ST/STM32G431RBT6/STM32G4xx_HAL_Driver/Src/stm32g4xx_hal_dac_ex.o
HAL_DACEx_DualStop_DMA                            ./src/target/ST/STM32G431RBT6/STM32G4xx_HAL_Driver/Src/stm32g4xx_hal_dac_ex.o
HAL_DACEx_ErrorCallbackCh2                        ./src/target/ST/STM32G431RBT6/STM32G4xx_HAL_Driver/Src/stm32g4xx_hal_dac_ex.o
HAL_DACEx_GetTrimOffset                           ./src/target/ST/STM32G431RBT6/STM32G4xx_HAL_Driver/Src/stm32g4xx_hal_dac_ex.o
HAL_DACEx_NoiseWaveGenerate                       ./src/target/ST/STM32G431RBT6/STM32G4xx_HAL_Driver/Src/stm32g4xx_hal_dac_ex.o
HAL_DACEx_SawtoothWaveDataReset                   ./src/target/ST/STM32G431RBT6/STM32G4xx_HAL_Driver/Src/stm32g4xx_hal_dac_ex.o
HAL_DACEx_SawtoothWaveDataStep                    ./src/target/ST/STM32G431RBT6/STM32G4xx_HAL_Driver/Src/stm32g4xx_hal_dac_ex.o
HAL_DACEx_SawtoothWaveGenerate                    ./src/target/ST/STM32G431RBT6/STM32G4xx_HAL_Driver/Src/stm32g4xx_hal_dac_ex.o
HAL_DACEx_SelfCalibrate                           ./src/target/ST/STM32G431RBT6/STM32G4xx_HAL_Driver/Src/stm32g4xx_hal_dac_ex.o
HAL_DACEx_SetUserTrimming                         ./src/target/ST/STM32G431RBT6/STM32G4xx_HAL_Driver/Src/stm32g4xx_hal_dac_ex.o
HAL_DACEx_TriangleWaveGenerate                    ./src/target/ST/STM32G431RBT6/STM32G4xx_HAL_Driver/Src/stm32g4xx_hal_dac_ex.o
HAL_DAC_ConfigChannel                             ./src/target/ST/STM32G431RBT6/STM32G4xx_HAL_Driver/Src/stm32g4xx_hal_dac.o
HAL_DAC_ConvCpltCallbackCh1                       ./src/target/ST/STM32G431RBT6/STM32G4xx_HAL_Driver/Src/stm32g4xx_hal_dac.o
HAL_DAC_ConvHalfCpltCallbackCh1                   ./src/target/ST/STM32G431RBT6/STM32G4xx_HAL_Driver/Src/stm32g4xx_hal_dac.o
HAL_DAC_DMAUnderrunCallbackCh1                    ./src/target/ST/STM32G431RBT6/STM32G4xx_HAL_Driver/Src/stm32g4xx_hal_dac.o
HAL_DAC_DeInit                                    ./src/target/ST/STM32G431RBT6/STM32G4xx_HAL_Driver/Src/stm32g4xx_hal_dac.o
HAL_DAC_ErrorCallbackCh1                          ./src/target/ST/STM32G431RBT6/STM32G4xx_HAL_Driver/Src/stm32g4xx_hal_dac.o
HAL_DAC_GetError                                  ./src/target/ST/STM32G431RBT6/STM32G4xx_HAL_Driver/Src/stm32g4xx_hal_dac.o
HAL_DAC_GetState                                  ./src/target/ST/STM32G431RBT6/STM32G4xx_HAL_Driver/Src/stm32g4xx_hal_dac.o
HAL_DAC_GetValue                                  ./src/target/ST/STM32G431RBT6/STM32G4xx_HAL_Driver/Src/stm32g4xx_hal_dac.o
HAL_DAC_IRQHandler                                ./src/target/ST/STM32G431RBT6/STM32G4xx_HAL_Driver/Src/stm32g4xx_hal_dac.o
HAL_DAC_Init                                      ./src/target/ST/STM32G431RBT6/STM32G4xx_HAL_Driver/Src/stm32g4xx_hal_dac.o
HAL_DAC_MspDeInit                                 ./src/target/ST/STM32G431RBT6/STM32G4xx_HAL_Driver/Src/stm32g4xx_hal_dac.o
HAL_DAC_MspInit                                   ./src/target/ST/STM32G431RBT6/STM32G4xx_HAL_Driver/Src/stm32g4xx_hal_dac.o
HAL_DAC_SetValue                                  ./src/target/ST/STM32G431RBT6/STM32G4xx_HAL_Driver/Src/stm32g4xx_hal_dac.o
HAL_DAC_Start                                     ./src/target/ST/STM32G431RBT6/STM32G4xx_HAL_Driver/Src/stm32g4xx_hal_dac.o
HAL_DAC_Start_DMA                                 ./src/target/ST/STM32G431RBT6/STM32G4xx_HAL_Driver/Src/stm32g4xx_hal_dac.o
HAL_DAC_Stop                                      ./src/target/ST/STM32G431RBT6/STM32G4xx_HAL_Driver/Src/stm32g4xx_hal_dac.o
HAL_DAC_Stop_DMA                                  ./src/target/ST/STM32G431RBT6/STM32G4xx_HAL_Driver/Src/stm32g4xx_hal_dac.o
HAL_DBGMCU_DisableDBGSleepMode                    ./src/target/ST/STM32G431RBT6/STM32G4xx_HAL_Driver/Src/stm32g4xx_hal.o
HAL_DBGMCU_DisableDBGStandbyMode                  ./src/target/ST/STM32G431RBT6/STM32G4xx_HAL_Driver/Src/stm32g4xx_hal.o
HAL_DBGMCU_DisableDBGStopMode                     ./src/target/ST/STM32G431RBT6/STM32G4xx_HAL_Driver/Src/stm32g4xx_hal.o
HAL_DBGMCU_EnableDBGSleepMode                     ./src/target/ST/STM32G431RBT6/STM32G4xx_HAL_Driver/Src/stm32g4xx_hal.o
HAL_DBGMCU_EnableDBGStandbyMode                   ./src/target/ST/STM32G431RBT6/STM32G4xx_HAL_Driver/Src/stm32g4xx_hal.o
HAL_DBGMCU_EnableDBGStopMode                      ./src/target/ST/STM32G431RBT6/STM32G4xx_HAL_Driver/Src/stm32g4xx_hal.o
HAL_DMAEx_ConfigMuxRequestGenerator               ./src/target/ST/STM32G431RBT6/STM32G4xx_HAL_Driver/Src/stm32g4xx_hal_dma_ex.o
HAL_DMAEx_ConfigMuxSync                           ./src/target/ST/STM32G431RBT6/STM32G4xx_HAL_Driver/Src/stm32g4xx_hal_dma_ex.o
HAL_DMAEx_DisableMuxRequestGenerator              ./src/target/ST/STM32G431RBT6/STM32G4xx_HAL_Driver/Src/stm32g4xx_hal_dma_ex.o
HAL_DMAEx_EnableMuxRequestGenerator               ./src/target/ST/STM32G431RBT6/STM32G4xx_HAL_Driver/Src/stm32g4xx_hal_dma_ex.o
HAL_DMAEx_MUX_IRQHandler                          ./src/target/ST/STM32G431RBT6/STM32G4xx_HAL_Driver/Src/stm32g4xx_hal_dma_ex.o
HAL_DMA_Abort                                     ./src/target/ST/STM32G431RBT6/STM32G4xx_HAL_Driver/Src/stm32g4xx_hal_dma.o
                                                  ./src/target/ST/STM32G431RBT6/STM32G4xx_HAL_Driver/Src/stm32g4xx_hal_usart.o
                                                  ./src/target/ST/STM32G431RBT6/STM32G4xx_HAL_Driver/Src/stm32g4xx_hal_uart.o
                                                  ./src/target/ST/STM32G431RBT6/STM32G4xx_HAL_Driver/Src/stm32g4xx_hal_spi.o
                                                  ./src/target/ST/STM32G431RBT6/STM32G4xx_HAL_Driver/Src/stm32g4xx_hal_dac.o
                                                  ./src/target/ST/STM32G431RBT6/STM32G4xx_HAL_Driver/Src/stm32g4xx_hal_irda.o
                                                  ./src/target/ST/STM32G431RBT6/STM32G4xx_HAL_Driver/Src/stm32g4xx_hal_smartcard.o
                                                  ./src/target/ST/STM32G431RBT6/STM32G4xx_HAL_Driver/Src/stm32g4xx_hal_i2s.o
                                                  ./src/target/ST/STM32G431RBT6/STM32G4xx_HAL_Driver/Src/stm32g4xx_hal_dac_ex.o
                                                  ./src/target/ST/STM32G431RBT6/STM32G4xx_HAL_Driver/Src/stm32g4xx_hal_adc.o
                                                  ./src/target/ST/STM32G431RBT6/STM32G4xx_HAL_Driver/Src/stm32g4xx_hal_adc_ex.o
                                                  ./src/target/ST/STM32G431RBT6/STM32G4xx_HAL_Driver/Src/stm32g4xx_hal_sai.o
HAL_DMA_Abort_IT                                  ./src/target/ST/STM32G431RBT6/STM32G4xx_HAL_Driver/Src/stm32g4xx_hal_dma.o
                                                  ./src/target/ST/STM32G431RBT6/STM32G4xx_HAL_Driver/Src/stm32g4xx_hal_usart.o
                                                  ./src/target/ST/STM32G431RBT6/STM32G4xx_HAL_Driver/Src/stm32g4xx_hal_uart.o
                                                  ./src/target/ST/STM32G431RBT6/STM32G4xx_HAL_Driver/Src/stm32g4xx_hal_spi.o
                                                  ./src/target/ST/STM32G431RBT6/STM32G4xx_HAL_Driver/Src/stm32g4xx_hal_irda.o
                                                  ./src/target/ST/STM32G431RBT6/STM32G4xx_HAL_Driver/Src/stm32g4xx_hal_tim.o
                                                  ./src/target/ST/STM32G431RBT6/STM32G4xx_HAL_Driver/Src/stm32g4xx_hal_smartcard.o
                                                  ./src/target/ST/STM32G431RBT6/STM32G4xx_HAL_Driver/Src/stm32g4xx_hal_i2c.o
                                                  ./src/target/ST/STM32G431RBT6/STM32G4xx_HAL_Driver/Src/stm32g4xx_hal_tim_ex.o
                                                  ./src/target/ST/STM32G431RBT6/STM32G4xx_HAL_Driver/Src/stm32g4xx_hal_sai.o
HAL_DMA_DeInit                                    ./src/target/ST/STM32G431RBT6/STM32G4xx_HAL_Driver/Src/stm32g4xx_hal_dma.o
HAL_DMA_GetError                                  ./src/target/ST/STM32G431RBT6/STM32G4xx_HAL_Driver/Src/stm32g4xx_hal_dma.o
                                                  ./src/target/ST/STM32G431RBT6/STM32G4xx_HAL_Driver/Src/stm32g4xx_hal_usart.o
                                                  ./src/target/ST/STM32G431RBT6/STM32G4xx_HAL_Driver/Src/stm32g4xx_hal_uart.o
                                                  ./src/target/ST/STM32G431RBT6/STM32G4xx_HAL_Driver/Src/stm32g4xx_hal_irda.o
                                                  ./src/target/ST/STM32G431RBT6/STM32G4xx_HAL_Driver/Src/stm32g4xx_hal_smartcard.o
HAL_DMA_GetState                                  ./src/target/ST/STM32G431RBT6/STM32G4xx_HAL_Driver/Src/stm32g4xx_hal_dma.o
                                                  ./src/target/ST/STM32G431RBT6/STM32G4xx_HAL_Driver/Src/stm32g4xx_hal_i2c.o
HAL_DMA_IRQHandler                                ./src/target/ST/STM32G431RBT6/STM32G4xx_HAL_Driver/Src/stm32g4xx_hal_dma.o
HAL_DMA_Init                                      ./src/target/ST/STM32G431RBT6/STM32G4xx_HAL_Driver/Src/stm32g4xx_hal_dma.o
HAL_DMA_PollForTransfer                           ./src/target/ST/STM32G431RBT6/STM32G4xx_HAL_Driver/Src/stm32g4xx_hal_dma.o
HAL_DMA_RegisterCallback                          ./src/target/ST/STM32G431RBT6/STM32G4xx_HAL_Driver/Src/stm32g4xx_hal_dma.o
HAL_DMA_Start                                     ./src/target/ST/STM32G431RBT6/STM32G4xx_HAL_Driver/Src/stm32g4xx_hal_dma.o
HAL_DMA_Start_IT                                  ./src/target/ST/STM32G431RBT6/STM32G4xx_HAL_Driver/Src/stm32g4xx_hal_dma.o
                                                  ./src/target/ST/STM32G431RBT6/STM32G4xx_HAL_Driver/Src/stm32g4xx_hal_usart.o
                                                  ./src/target/ST/STM32G431RBT6/STM32G4xx_HAL_Driver/Src/stm32g4xx_hal_uart.o
                                                  ./src/target/ST/STM32G431RBT6/STM32G4xx_HAL_Driver/Src/stm32g4xx_hal_spi.o
                                                  ./src/target/ST/STM32G431RBT6/STM32G4xx_HAL_Driver/Src/stm32g4xx_hal_dac.o
                                                  ./src/target/ST/STM32G431RBT6/STM32G4xx_HAL_Driver/Src/stm32g4xx_hal_irda.o
                                                  ./src/target/ST/STM32G431RBT6/STM32G4xx_HAL_Driver/Src/stm32g4xx_hal_tim.o
                                                  ./src/target/ST/STM32G431RBT6/STM32G4xx_HAL_Driver/Src/stm32g4xx_hal_smartcard.o
                                                  ./src/target/ST/STM32G431RBT6/STM32G4xx_HAL_Driver/Src/stm32g4xx_hal_cordic.o
                                                  ./src/target/ST/STM32G431RBT6/STM32G4xx_HAL_Driver/Src/stm32g4xx_hal_i2s.o
                                                  ./src/target/ST/STM32G431RBT6/STM32G4xx_HAL_Driver/Src/stm32g4xx_hal_dac_ex.o
                                                  ./src/target/ST/STM32G431RBT6/STM32G4xx_HAL_Driver/Src/stm32g4xx_hal_adc.o
                                                  ./src/target/ST/STM32G431RBT6/STM32G4xx_HAL_Driver/Src/stm32g4xx_hal_i2c.o
                                                  ./src/target/ST/STM32G431RBT6/STM32G4xx_HAL_Driver/Src/stm32g4xx_hal_adc_ex.o
                                                  ./src/target/ST/STM32G431RBT6/STM32G4xx_HAL_Driver/Src/stm32g4xx_hal_fmac.o
                                                  ./src/target/ST/STM32G431RBT6/STM32G4xx_HAL_Driver/Src/stm32g4xx_hal_tim_ex.o
                                                  ./src/target/ST/STM32G431RBT6/STM32G4xx_HAL_Driver/Src/stm32g4xx_hal_sai.o
HAL_DMA_UnRegisterCallback                        ./src/target/ST/STM32G431RBT6/STM32G4xx_HAL_Driver/Src/stm32g4xx_hal_dma.o
HAL_DeInit                                        ./src/target/ST/STM32G431RBT6/STM32G4xx_HAL_Driver/Src/stm32g4xx_hal.o
HAL_Delay                                         ./src/target/ST/STM32G431RBT6/STM32G4xx_HAL_Driver/Src/stm32g4xx_hal.o
                                                  ./src/target/ST/STM32G431RBT6/STM32G4xx_HAL_Driver/Src/stm32g4xx_hal_pcd_ex.o
                                                  ./src/target/ST/STM32G431RBT6/STM32G4xx_HAL_Driver/Src/stm32g4xx_hal_opamp_ex.o
                                                  ./src/target/ST/STM32G431RBT6/STM32G4xx_HAL_Driver/Src/stm32g4xx_hal_opamp.o
                                                  ./src/target/ST/STM32G431RBT6/STM32G4xx_HAL_Driver/Src/stm32g4xx_hal_dac_ex.o
HAL_EXTI_ClearConfigLine                          ./src/target/ST/STM32G431RBT6/STM32G4xx_HAL_Driver/Src/stm32g4xx_hal_exti.o
HAL_EXTI_ClearPending                             ./src/target/ST/STM32G431RBT6/STM32G4xx_HAL_Driver/Src/stm32g4xx_hal_exti.o
HAL_EXTI_GenerateSWI                              ./src/target/ST/STM32G431RBT6/STM32G4xx_HAL_Driver/Src/stm32g4xx_hal_exti.o
HAL_EXTI_GetConfigLine                            ./src/target/ST/STM32G431RBT6/STM32G4xx_HAL_Driver/Src/stm32g4xx_hal_exti.o
HAL_EXTI_GetHandle                                ./src/target/ST/STM32G431RBT6/STM32G4xx_HAL_Driver/Src/stm32g4xx_hal_exti.o
HAL_EXTI_GetPending                               ./src/target/ST/STM32G431RBT6/STM32G4xx_HAL_Driver/Src/stm32g4xx_hal_exti.o
HAL_EXTI_IRQHandler                               ./src/target/ST/STM32G431RBT6/STM32G4xx_HAL_Driver/Src/stm32g4xx_hal_exti.o
HAL_EXTI_RegisterCallback                         ./src/target/ST/STM32G431RBT6/STM32G4xx_HAL_Driver/Src/stm32g4xx_hal_exti.o
HAL_EXTI_SetConfigLine                            ./src/target/ST/STM32G431RBT6/STM32G4xx_HAL_Driver/Src/stm32g4xx_hal_exti.o
HAL_FDCAN_AbortTxRequest                          ./src/target/ST/STM32G431RBT6/STM32G4xx_HAL_Driver/Src/stm32g4xx_hal_fdcan.o
HAL_FDCAN_ActivateNotification                    ./src/target/ST/STM32G431RBT6/STM32G4xx_HAL_Driver/Src/stm32g4xx_hal_fdcan.o
HAL_FDCAN_AddMessageToTxFifoQ                     ./src/target/ST/STM32G431RBT6/STM32G4xx_HAL_Driver/Src/stm32g4xx_hal_fdcan.o
HAL_FDCAN_ConfigExtendedIdMask                    ./src/target/ST/STM32G431RBT6/STM32G4xx_HAL_Driver/Src/stm32g4xx_hal_fdcan.o
HAL_FDCAN_ConfigFilter                            ./src/target/ST/STM32G431RBT6/STM32G4xx_HAL_Driver/Src/stm32g4xx_hal_fdcan.o
HAL_FDCAN_ConfigGlobalFilter                      ./src/target/ST/STM32G431RBT6/STM32G4xx_HAL_Driver/Src/stm32g4xx_hal_fdcan.o
HAL_FDCAN_ConfigInterruptLines                    ./src/target/ST/STM32G431RBT6/STM32G4xx_HAL_Driver/Src/stm32g4xx_hal_fdcan.o
HAL_FDCAN_ConfigRamWatchdog                       ./src/target/ST/STM32G431RBT6/STM32G4xx_HAL_Driver/Src/stm32g4xx_hal_fdcan.o
HAL_FDCAN_ConfigRxFifoOverwrite                   ./src/target/ST/STM32G431RBT6/STM32G4xx_HAL_Driver/Src/stm32g4xx_hal_fdcan.o
HAL_FDCAN_ConfigTimeoutCounter                    ./src/target/ST/STM32G431RBT6/STM32G4xx_HAL_Driver/Src/stm32g4xx_hal_fdcan.o
HAL_FDCAN_ConfigTimestampCounter                  ./src/target/ST/STM32G431RBT6/STM32G4xx_HAL_Driver/Src/stm32g4xx_hal_fdcan.o
HAL_FDCAN_ConfigTxDelayCompensation               ./src/target/ST/STM32G431RBT6/STM32G4xx_HAL_Driver/Src/stm32g4xx_hal_fdcan.o
HAL_FDCAN_DeInit                                  ./src/target/ST/STM32G431RBT6/STM32G4xx_HAL_Driver/Src/stm32g4xx_hal_fdcan.o
HAL_FDCAN_DeactivateNotification                  ./src/target/ST/STM32G431RBT6/STM32G4xx_HAL_Driver/Src/stm32g4xx_hal_fdcan.o
HAL_FDCAN_DisableEdgeFiltering                    ./src/target/ST/STM32G431RBT6/STM32G4xx_HAL_Driver/Src/stm32g4xx_hal_fdcan.o
HAL_FDCAN_DisableISOMode                          ./src/target/ST/STM32G431RBT6/STM32G4xx_HAL_Driver/Src/stm32g4xx_hal_fdcan.o
HAL_FDCAN_DisableTimeoutCounter                   ./src/target/ST/STM32G431RBT6/STM32G4xx_HAL_Driver/Src/stm32g4xx_hal_fdcan.o
HAL_FDCAN_DisableTimestampCounter                 ./src/target/ST/STM32G431RBT6/STM32G4xx_HAL_Driver/Src/stm32g4xx_hal_fdcan.o
HAL_FDCAN_DisableTxDelayCompensation              ./src/target/ST/STM32G431RBT6/STM32G4xx_HAL_Driver/Src/stm32g4xx_hal_fdcan.o
HAL_FDCAN_EnableEdgeFiltering                     ./src/target/ST/STM32G431RBT6/STM32G4xx_HAL_Driver/Src/stm32g4xx_hal_fdcan.o
HAL_FDCAN_EnableISOMode                           ./src/target/ST/STM32G431RBT6/STM32G4xx_HAL_Driver/Src/stm32g4xx_hal_fdcan.o
HAL_FDCAN_EnableTimeoutCounter                    ./src/target/ST/STM32G431RBT6/STM32G4xx_HAL_Driver/Src/stm32g4xx_hal_fdcan.o
HAL_FDCAN_EnableTimestampCounter                  ./src/target/ST/STM32G431RBT6/STM32G4xx_HAL_Driver/Src/stm32g4xx_hal_fdcan.o
HAL_FDCAN_EnableTxDelayCompensation               ./src/target/ST/STM32G431RBT6/STM32G4xx_HAL_Driver/Src/stm32g4xx_hal_fdcan.o
HAL_FDCAN_EnterPowerDownMode                      ./src/target/ST/STM32G431RBT6/STM32G4xx_HAL_Driver/Src/stm32g4xx_hal_fdcan.o
HAL_FDCAN_ErrorCallback                           ./src/target/ST/STM32G431RBT6/STM32G4xx_HAL_Driver/Src/stm32g4xx_hal_fdcan.o
HAL_FDCAN_ErrorStatusCallback                     ./src/target/ST/STM32G431RBT6/STM32G4xx_HAL_Driver/Src/stm32g4xx_hal_fdcan.o
HAL_FDCAN_ExitPowerDownMode                       ./src/target/ST/STM32G431RBT6/STM32G4xx_HAL_Driver/Src/stm32g4xx_hal_fdcan.o
HAL_FDCAN_ExitRestrictedOperationMode             ./src/target/ST/STM32G431RBT6/STM32G4xx_HAL_Driver/Src/stm32g4xx_hal_fdcan.o
HAL_FDCAN_GetError                                ./src/target/ST/STM32G431RBT6/STM32G4xx_HAL_Driver/Src/stm32g4xx_hal_fdcan.o
HAL_FDCAN_GetErrorCounters                        ./src/target/ST/STM32G431RBT6/STM32G4xx_HAL_Driver/Src/stm32g4xx_hal_fdcan.o
HAL_FDCAN_GetHighPriorityMessageStatus            ./src/target/ST/STM32G431RBT6/STM32G4xx_HAL_Driver/Src/stm32g4xx_hal_fdcan.o
HAL_FDCAN_GetLatestTxFifoQRequestBuffer           ./src/target/ST/STM32G431RBT6/STM32G4xx_HAL_Driver/Src/stm32g4xx_hal_fdcan.o
HAL_FDCAN_GetProtocolStatus                       ./src/target/ST/STM32G431RBT6/STM32G4xx_HAL_Driver/Src/stm32g4xx_hal_fdcan.o
HAL_FDCAN_GetRxFifoFillLevel                      ./src/target/ST/STM32G431RBT6/STM32G4xx_HAL_Driver/Src/stm32g4xx_hal_fdcan.o
HAL_FDCAN_GetRxMessage                            ./src/target/ST/STM32G431RBT6/STM32G4xx_HAL_Driver/Src/stm32g4xx_hal_fdcan.o
HAL_FDCAN_GetState                                ./src/target/ST/STM32G431RBT6/STM32G4xx_HAL_Driver/Src/stm32g4xx_hal_fdcan.o
HAL_FDCAN_GetTimeoutCounter                       ./src/target/ST/STM32G431RBT6/STM32G4xx_HAL_Driver/Src/stm32g4xx_hal_fdcan.o
HAL_FDCAN_GetTimestampCounter                     ./src/target/ST/STM32G431RBT6/STM32G4xx_HAL_Driver/Src/stm32g4xx_hal_fdcan.o
HAL_FDCAN_GetTxEvent                              ./src/target/ST/STM32G431RBT6/STM32G4xx_HAL_Driver/Src/stm32g4xx_hal_fdcan.o
HAL_FDCAN_GetTxFifoFreeLevel                      ./src/target/ST/STM32G431RBT6/STM32G4xx_HAL_Driver/Src/stm32g4xx_hal_fdcan.o
HAL_FDCAN_HighPriorityMessageCallback             ./src/target/ST/STM32G431RBT6/STM32G4xx_HAL_Driver/Src/stm32g4xx_hal_fdcan.o
HAL_FDCAN_IRQHandler                              ./src/target/ST/STM32G431RBT6/STM32G4xx_HAL_Driver/Src/stm32g4xx_hal_fdcan.o
HAL_FDCAN_Init                                    ./src/target/ST/STM32G431RBT6/STM32G4xx_HAL_Driver/Src/stm32g4xx_hal_fdcan.o
HAL_FDCAN_IsRestrictedOperationMode               ./src/target/ST/STM32G431RBT6/STM32G4xx_HAL_Driver/Src/stm32g4xx_hal_fdcan.o
HAL_FDCAN_IsTxBufferMessagePending                ./src/target/ST/STM32G431RBT6/STM32G4xx_HAL_Driver/Src/stm32g4xx_hal_fdcan.o
HAL_FDCAN_MspDeInit                               ./src/target/ST/STM32G431RBT6/STM32G4xx_HAL_Driver/Src/stm32g4xx_hal_fdcan.o
HAL_FDCAN_MspInit                                 ./src/target/ST/STM32G431RBT6/STM32G4xx_HAL_Driver/Src/stm32g4xx_hal_fdcan.o
HAL_FDCAN_ResetTimeoutCounter                     ./src/target/ST/STM32G431RBT6/STM32G4xx_HAL_Driver/Src/stm32g4xx_hal_fdcan.o
HAL_FDCAN_ResetTimestampCounter                   ./src/target/ST/STM32G431RBT6/STM32G4xx_HAL_Driver/Src/stm32g4xx_hal_fdcan.o
HAL_FDCAN_RxFifo0Callback                         ./src/target/ST/STM32G431RBT6/STM32G4xx_HAL_Driver/Src/stm32g4xx_hal_fdcan.o
HAL_FDCAN_RxFifo1Callback                         ./src/target/ST/STM32G431RBT6/STM32G4xx_HAL_Driver/Src/stm32g4xx_hal_fdcan.o
HAL_FDCAN_Start                                   ./src/target/ST/STM32G431RBT6/STM32G4xx_HAL_Driver/Src/stm32g4xx_hal_fdcan.o
HAL_FDCAN_Stop                                    ./src/target/ST/STM32G431RBT6/STM32G4xx_HAL_Driver/Src/stm32g4xx_hal_fdcan.o
HAL_FDCAN_TimeoutOccurredCallback                 ./src/target/ST/STM32G431RBT6/STM32G4xx_HAL_Driver/Src/stm32g4xx_hal_fdcan.o
HAL_FDCAN_TimestampWraparoundCallback             ./src/target/ST/STM32G431RBT6/STM32G4xx_HAL_Driver/Src/stm32g4xx_hal_fdcan.o
HAL_FDCAN_TxBufferAbortCallback                   ./src/target/ST/STM32G431RBT6/STM32G4xx_HAL_Driver/Src/stm32g4xx_hal_fdcan.o
HAL_FDCAN_TxBufferCompleteCallback                ./src/target/ST/STM32G431RBT6/STM32G4xx_HAL_Driver/Src/stm32g4xx_hal_fdcan.o
HAL_FDCAN_TxEventFifoCallback                     ./src/target/ST/STM32G431RBT6/STM32G4xx_HAL_Driver/Src/stm32g4xx_hal_fdcan.o
HAL_FDCAN_TxFifoEmptyCallback                     ./src/target/ST/STM32G431RBT6/STM32G4xx_HAL_Driver/Src/stm32g4xx_hal_fdcan.o
HAL_FLASHEx_DisableDebugger                       ./src/target/ST/STM32G431RBT6/STM32G4xx_HAL_Driver/Src/stm32g4xx_hal_flash_ex.o
HAL_FLASHEx_DisableRunPowerDown                   ./src/target/ST/STM32G431RBT6/STM32G4xx_HAL_Driver/Src/stm32g4xx_hal_flash_ramfunc.o
HAL_FLASHEx_EnableDebugger                        ./src/target/ST/STM32G431RBT6/STM32G4xx_HAL_Driver/Src/stm32g4xx_hal_flash_ex.o
HAL_FLASHEx_EnableRunPowerDown                    ./src/target/ST/STM32G431RBT6/STM32G4xx_HAL_Driver/Src/stm32g4xx_hal_flash_ramfunc.o
HAL_FLASHEx_EnableSecMemProtection                ./src/target/ST/STM32G431RBT6/STM32G4xx_HAL_Driver/Src/stm32g4xx_hal_flash_ex.o
HAL_FLASHEx_Erase                                 ./src/target/ST/STM32G431RBT6/STM32G4xx_HAL_Driver/Src/stm32g4xx_hal_flash_ex.o
HAL_FLASHEx_Erase_IT                              ./src/target/ST/STM32G431RBT6/STM32G4xx_HAL_Driver/Src/stm32g4xx_hal_flash_ex.o
HAL_FLASHEx_OBGetConfig                           ./src/target/ST/STM32G431RBT6/STM32G4xx_HAL_Driver/Src/stm32g4xx_hal_flash_ex.o
HAL_FLASHEx_OBProgram                             ./src/target/ST/STM32G431RBT6/STM32G4xx_HAL_Driver/Src/stm32g4xx_hal_flash_ex.o
HAL_FLASH_EndOfOperationCallback                  ./src/target/ST/STM32G431RBT6/STM32G4xx_HAL_Driver/Src/stm32g4xx_hal_flash.o
HAL_FLASH_GetError                                ./src/target/ST/STM32G431RBT6/STM32G4xx_HAL_Driver/Src/stm32g4xx_hal_flash.o
HAL_FLASH_IRQHandler                              ./src/target/ST/STM32G431RBT6/STM32G4xx_HAL_Driver/Src/stm32g4xx_hal_flash.o
HAL_FLASH_Lock                                    ./src/target/ST/STM32G431RBT6/STM32G4xx_HAL_Driver/Src/stm32g4xx_hal_flash.o
HAL_FLASH_OB_Launch                               ./src/target/ST/STM32G431RBT6/STM32G4xx_HAL_Driver/Src/stm32g4xx_hal_flash.o
HAL_FLASH_OB_Lock                                 ./src/target/ST/STM32G431RBT6/STM32G4xx_HAL_Driver/Src/stm32g4xx_hal_flash.o
HAL_FLASH_OB_Unlock                               ./src/target/ST/STM32G431RBT6/STM32G4xx_HAL_Driver/Src/stm32g4xx_hal_flash.o
HAL_FLASH_OperationErrorCallback                  ./src/target/ST/STM32G431RBT6/STM32G4xx_HAL_Driver/Src/stm32g4xx_hal_flash.o
HAL_FLASH_Program                                 ./src/target/ST/STM32G431RBT6/STM32G4xx_HAL_Driver/Src/stm32g4xx_hal_flash.o
HAL_FLASH_Program_IT                              ./src/target/ST/STM32G431RBT6/STM32G4xx_HAL_Driver/Src/stm32g4xx_hal_flash.o
HAL_FLASH_Unlock                                  ./src/target/ST/STM32G431RBT6/STM32G4xx_HAL_Driver/Src/stm32g4xx_hal_flash.o
HAL_FMAC_AppendFilterData                         ./src/target/ST/STM32G431RBT6/STM32G4xx_HAL_Driver/Src/stm32g4xx_hal_fmac.o
HAL_FMAC_ConfigFilterOutputBuffer                 ./src/target/ST/STM32G431RBT6/STM32G4xx_HAL_Driver/Src/stm32g4xx_hal_fmac.o
HAL_FMAC_DeInit                                   ./src/target/ST/STM32G431RBT6/STM32G4xx_HAL_Driver/Src/stm32g4xx_hal_fmac.o
HAL_FMAC_ErrorCallback                            ./src/target/ST/STM32G431RBT6/STM32G4xx_HAL_Driver/Src/stm32g4xx_hal_fmac.o
HAL_FMAC_FilterConfig                             ./src/target/ST/STM32G431RBT6/STM32G4xx_HAL_Driver/Src/stm32g4xx_hal_fmac.o
HAL_FMAC_FilterConfigCallback                     ./src/target/ST/STM32G431RBT6/STM32G4xx_HAL_Driver/Src/stm32g4xx_hal_fmac.o
HAL_FMAC_FilterConfig_DMA                         ./src/target/ST/STM32G431RBT6/STM32G4xx_HAL_Driver/Src/stm32g4xx_hal_fmac.o
HAL_FMAC_FilterPreload                            ./src/target/ST/STM32G431RBT6/STM32G4xx_HAL_Driver/Src/stm32g4xx_hal_fmac.o
HAL_FMAC_FilterPreloadCallback                    ./src/target/ST/STM32G431RBT6/STM32G4xx_HAL_Driver/Src/stm32g4xx_hal_fmac.o
HAL_FMAC_FilterPreload_DMA                        ./src/target/ST/STM32G431RBT6/STM32G4xx_HAL_Driver/Src/stm32g4xx_hal_fmac.o
HAL_FMAC_FilterStart                              ./src/target/ST/STM32G431RBT6/STM32G4xx_HAL_Driver/Src/stm32g4xx_hal_fmac.o
HAL_FMAC_FilterStop                               ./src/target/ST/STM32G431RBT6/STM32G4xx_HAL_Driver/Src/stm32g4xx_hal_fmac.o
HAL_FMAC_GetDataCallback                          ./src/target/ST/STM32G431RBT6/STM32G4xx_HAL_Driver/Src/stm32g4xx_hal_fmac.o
HAL_FMAC_GetError                                 ./src/target/ST/STM32G431RBT6/STM32G4xx_HAL_Driver/Src/stm32g4xx_hal_fmac.o
HAL_FMAC_GetState                                 ./src/target/ST/STM32G431RBT6/STM32G4xx_HAL_Driver/Src/stm32g4xx_hal_fmac.o
HAL_FMAC_HalfGetDataCallback                      ./src/target/ST/STM32G431RBT6/STM32G4xx_HAL_Driver/Src/stm32g4xx_hal_fmac.o
HAL_FMAC_HalfOutputDataReadyCallback              ./src/target/ST/STM32G431RBT6/STM32G4xx_HAL_Driver/Src/stm32g4xx_hal_fmac.o
HAL_FMAC_IRQHandler                               ./src/target/ST/STM32G431RBT6/STM32G4xx_HAL_Driver/Src/stm32g4xx_hal_fmac.o
HAL_FMAC_Init                                     ./src/target/ST/STM32G431RBT6/STM32G4xx_HAL_Driver/Src/stm32g4xx_hal_fmac.o
HAL_FMAC_MspDeInit                                ./src/target/ST/STM32G431RBT6/STM32G4xx_HAL_Driver/Src/stm32g4xx_hal_fmac.o
HAL_FMAC_MspInit                                  ./src/target/ST/STM32G431RBT6/STM32G4xx_HAL_Driver/Src/stm32g4xx_hal_fmac.o
HAL_FMAC_OutputDataReadyCallback                  ./src/target/ST/STM32G431RBT6/STM32G4xx_HAL_Driver/Src/stm32g4xx_hal_fmac.o
HAL_FMAC_PollFilterData                           ./src/target/ST/STM32G431RBT6/STM32G4xx_HAL_Driver/Src/stm32g4xx_hal_fmac.o
HAL_GPIO_DeInit                                   ./src/target/ST/STM32G431RBT6/STM32G4xx_HAL_Driver/Src/stm32g4xx_hal_gpio.o
HAL_GPIO_EXTI_Callback                            ./src/target/ST/STM32G431RBT6/STM32G4xx_HAL_Driver/Src/stm32g4xx_hal_gpio.o
HAL_GPIO_EXTI_IRQHandler                          ./src/target/ST/STM32G431RBT6/STM32G4xx_HAL_Driver/Src/stm32g4xx_hal_gpio.o
HAL_GPIO_Init                                     ./src/target/ST/STM32G431RBT6/STM32G4xx_HAL_Driver/Src/stm32g4xx_hal_gpio.o
                                                  ./src/target/ST/STM32G431RBT6/STM32G4xx_HAL_Driver/Src/stm32g4xx_hal_rcc.o
                                                  ./src/target/ST/STM32G431RBT6/STM32G4xx_HAL_Driver/Src/stm32g4xx_hal_rcc_ex.o
HAL_GPIO_LockPin                                  ./src/target/ST/STM32G431RBT6/STM32G4xx_HAL_Driver/Src/stm32g4xx_hal_gpio.o
HAL_GPIO_ReadPin                                  ./src/target/ST/STM32G431RBT6/STM32G4xx_HAL_Driver/Src/stm32g4xx_hal_gpio.o
HAL_GPIO_TogglePin                                ./src/target/ST/STM32G431RBT6/STM32G4xx_HAL_Driver/Src/stm32g4xx_hal_gpio.o
HAL_GPIO_WritePin                                 ./src/target/ST/STM32G431RBT6/STM32G4xx_HAL_Driver/Src/stm32g4xx_hal_gpio.o
HAL_GetDEVID                                      ./src/target/ST/STM32G431RBT6/STM32G4xx_HAL_Driver/Src/stm32g4xx_hal.o
HAL_GetHalVersion                                 ./src/target/ST/STM32G431RBT6/STM32G4xx_HAL_Driver/Src/stm32g4xx_hal.o
HAL_GetREVID                                      ./src/target/ST/STM32G431RBT6/STM32G4xx_HAL_Driver/Src/stm32g4xx_hal.o
HAL_GetTick                                       ./src/target/ST/STM32G431RBT6/STM32G4xx_HAL_Driver/Src/stm32g4xx_hal.o
                                                  ./src/target/ST/STM32G431RBT6/STM32G4xx_HAL_Driver/Src/stm32g4xx_hal_uart_ex.o
                                                  ./src/target/ST/STM32G431RBT6/STM32G4xx_HAL_Driver/Src/stm32g4xx_hal_usart.o
                                                  ./src/target/ST/STM32G431RBT6/STM32G4xx_HAL_Driver/Src/stm32g4xx_hal_fdcan.o
                                                  ./src/target/ST/STM32G431RBT6/STM32G4xx_HAL_Driver/Src/stm32g4xx_hal_uart.o